Component: ARM Compiler 5.06 update 6 (build 750) Tool: armlink [4d35ed]

==============================================================================

Section Cross References

    main.o(i.main) refers to sysclock.o(i.System_Clock_Init) for System_Clock_Init
    main.o(i.main) refers to uart.o(i.UART2_Init) for UART2_Init
    main.o(i.main) refers to timer.o(i.TIM_Init) for TIM_Init
    main.o(i.main) refers to dac.o(i.init_dac) for init_dac
    main.o(i.main) refers to dac.o(i.init_dac_GPIO) for init_dac_GPIO
    startup_stm32l476xx.o(STACK) refers (Special) to heapauxi.o(.text) for __use_two_region_memory
    startup_stm32l476xx.o(HEAP) refers (Special) to heapauxi.o(.text) for __use_two_region_memory
    startup_stm32l476xx.o(RESET) refers (Special) to heapauxi.o(.text) for __use_two_region_memory
    startup_stm32l476xx.o(RESET) refers to startup_stm32l476xx.o(STACK) for __initial_sp
    startup_stm32l476xx.o(RESET) refers to startup_stm32l476xx.o(.text) for Reset_Handler
    startup_stm32l476xx.o(RESET) refers to timer.o(i.TIM2_IRQHandler) for TIM2_IRQHandler
    startup_stm32l476xx.o(RESET) refers to uart.o(i.USART2_IRQHandler) for USART2_IRQHandler
    startup_stm32l476xx.o(.text) refers (Special) to heapauxi.o(.text) for __use_two_region_memory
    startup_stm32l476xx.o(.text) refers to __main.o(!!!main) for __main
    startup_stm32l476xx.o(.text) refers to startup_stm32l476xx.o(HEAP) for Heap_Mem
    startup_stm32l476xx.o(.text) refers to startup_stm32l476xx.o(STACK) for Stack_Mem
    uart.o(i.UART2_Init) refers to uart.o(i.UART2_GPIO_Init) for UART2_GPIO_Init
    uart.o(i.UART2_Init) refers to uart.o(i.USART_Init) for USART_Init
    uart.o(i.USART2_IRQHandler) refers to uart.o(i.backspace_entered) for backspace_entered
    uart.o(i.USART2_IRQHandler) refers to uart.o(i.check_for_command) for check_for_command
    uart.o(i.USART2_IRQHandler) refers to uart.o(i.USART_Write_char) for USART_Write_char
    uart.o(i.USART2_IRQHandler) refers to uart.o(i.USART_Write) for USART_Write
    uart.o(i.USART2_IRQHandler) refers to uart.o(.data) for buffer
    uart.o(i.USART_Write) refers to uart.o(i.USART_Delay) for USART_Delay
    uart.o(i.USART_Write_char) refers to uart.o(i.USART_Delay) for USART_Delay
    uart.o(i.backspace_entered) refers to _printf_percent.o(.ARM.Collect$$_printf_percent$$00000000) for _printf_percent
    uart.o(i.backspace_entered) refers to _printf_c.o(.ARM.Collect$$_printf_percent$$00000013) for _printf_c
    uart.o(i.backspace_entered) refers to _printf_str.o(.text) for _printf_str
    uart.o(i.backspace_entered) refers to __2sprintf.o(.text) for __2sprintf
    uart.o(i.backspace_entered) refers to uart.o(i.USART_Write) for USART_Write
    uart.o(i.check_for_command) refers to _printf_percent.o(.ARM.Collect$$_printf_percent$$00000000) for _printf_percent
    uart.o(i.check_for_command) refers to _printf_c.o(.ARM.Collect$$_printf_percent$$00000013) for _printf_c
    uart.o(i.check_for_command) refers to _printf_str.o(.text) for _printf_str
    uart.o(i.check_for_command) refers to _printf_d.o(.ARM.Collect$$_printf_percent$$00000009) for _printf_d
    uart.o(i.check_for_command) refers to _printf_dec.o(.text) for _printf_int_dec
    uart.o(i.check_for_command) refers to _printf_f.o(.ARM.Collect$$_printf_percent$$00000003) for _printf_f
    uart.o(i.check_for_command) refers to printf1.o(x$fpl$printf1) for _printf_fp_dec
    uart.o(i.check_for_command) refers to __2sprintf.o(.text) for __2sprintf
    uart.o(i.check_for_command) refers to uart.o(i.USART_Write) for USART_Write
    uart.o(i.check_for_command) refers to toupper.o(.text) for toupper
    uart.o(i.check_for_command) refers to strncpy.o(.text) for strncpy
    uart.o(i.check_for_command) refers to atoi.o(.text) for atoi
    uart.o(i.check_for_command) refers to dflt_clz.o(x$fpl$dflt) for __aeabi_i2d
    uart.o(i.check_for_command) refers to ddiv.o(x$fpl$ddiv) for __aeabi_ddiv
    uart.o(i.check_for_command) refers to dfixu.o(x$fpl$dfixu) for __aeabi_d2uiz
    uart.o(i.check_for_command) refers to strtof.o(i.__hardfp_strtof) for __hardfp_strtof
    uart.o(i.check_for_command) refers to f2d.o(x$fpl$f2d) for __aeabi_f2d
    uart.o(i.check_for_command) refers to timer.o(.data) for dac_state
    timer.o(i.TIM2_IRQHandler) refers to dac.o(i.sine) for sine
    timer.o(i.TIM2_IRQHandler) refers to dac.o(i.triangle) for triangle
    timer.o(i.TIM2_IRQHandler) refers to dac.o(i.ramp) for ramp
    timer.o(i.TIM2_IRQHandler) refers to dac.o(i.cus) for cus
    timer.o(i.TIM2_IRQHandler) refers to timer.o(.data) for dac_state
    dac.o(i.cus) refers to timer.o(.data) for dac_state
    dac.o(i.cus) refers to dac.o(.data) for cus_values
    dac.o(i.ramp) refers to timer.o(.data) for dac_state
    dac.o(i.ramp) refers to dac.o(.data) for ramp_values
    dac.o(i.sine) refers to timer.o(.data) for dac_state
    dac.o(i.sine) refers to dac.o(.data) for sine_values
[...]
    ../fplib/ddiv.s                          0x00000000   Number         0  ddiv.o ABSOLUTE
    ../fplib/deqf.s                          0x00000000   Number         0  deqf.o ABSOLUTE
    ../fplib/dfixu.s                         0x00000000   Number         0  dfixu.o ABSOLUTE
    ../fplib/dflt.s                          0x00000000   Number         0  dflt_clz.o ABSOLUTE
    ../fplib/dleqf.s                         0x00000000   Number         0  dleqf.o ABSOLUTE
    ../fplib/dmul.s                          0x00000000   Number         0  dmul.o ABSOLUTE
    ../fplib/dnaninf.s                       0x00000000   Number         0  dnaninf.o ABSOLUTE
    ../fplib/dretinf.s                       0x00000000   Number         0  dretinf.o ABSOLUTE
    ../fplib/drleqf.s                        0x00000000   Number         0  drleqf.o ABSOLUTE
    ../fplib/f2d.s                           0x00000000   Number         0  f2d.o ABSOLUTE
    ../fplib/fnaninf.s                       0x00000000   Number         0  fnaninf.o ABSOLUTE
    ../fplib/fpconst.s                       0x00000000   Number         0  fpconst.o ABSOLUTE
    ../fplib/fpinit.s                        0x00000000   Number         0  fpinit.o ABSOLUTE
    ../fplib/fretinf.s                       0x00000000   Number         0  fretinf.o ABSOLUTE
    ../fplib/istatus.s                       0x00000000   Number         0  istatus.o ABSOLUTE
    ../fplib/printf1.s                       0x00000000   Number         0  printf1.o ABSOLUTE
    ../fplib/retnan.s                        0x00000000   Number         0  retnan.o ABSOLUTE
    ../fplib/scalbn.s                        0x00000000   Number         0  scalbn.o ABSOLUTE
    ../fplib/scanf1.s                        0x00000000   Number         0  scanf1.o ABSOLUTE
    ../fplib/scanf2.s                        0x00000000   Number         0  scanf2.o ABSOLUTE
    ../fplib/scanf2a.s                       0x00000000   Number         0  scanf2a.o ABSOLUTE
    ../fplib/scanf2b.s                       0x00000000   Number         0  scanf2b.o ABSOLUTE
    ../fplib/trapv.s                         0x00000000   Number         0  trapv.o ABSOLUTE
    ../fplib/usenofp.s                       0x00000000   Number         0  usenofp.o ABSOLUTE
    ../mathlib/dunder.c                      0x00000000   Number         0  dunder.o ABSOLUTE
    ../mathlib/fpclassify.c                  0x00000000   Number         0  fpclassify.o ABSOLUTE
    ../mathlib/frexp.c                       0x00000000   Number         0  frexp.o ABSOLUTE
    ../mathlib/ldexp.c                       0x00000000   Number         0  ldexp.o ABSOLUTE
    ../mathlib/ldexp.c                       0x00000000   Number         0  ldexp_x.o ABSOLUTE
    ../mathlib/narrow.c                      0x00000000   Number         0  narrow.o ABSOLUTE
    ../mathlib/qnan.c                        0x00000000   Number         0  qnan.o ABSOLUTE
    ../mathlib/strtof.c                      0x00000000   Number         0  strtof.o ABSOLUTE
    SysClock.c                               0x00000000   Number         0  sysclock.o ABSOLUTE
    SysClock.c                               0x00000000   Number         0  sysclock.o ABSOLUTE
    UART.c                                   0x00000000   Number         0  uart.o ABSOLUTE
    UART.c                                   0x00000000   Number         0  uart.o ABSOLUTE
    dac.c                                    0x00000000   Number         0  dac.o ABSOLUTE
    dac.c                                    0x00000000   Number         0  dac.o ABSOLUTE
    dc.s                                     0x00000000   Number         0  dc.o ABSOLUTE
    main.c                                   0x00000000   Number         0  main.o ABSOLUTE
    main.c                                   0x00000000   Number         0  main.o ABSOLUTE
    startup_stm32l476xx.s                    0x00000000   Number         0  startup_stm32l476xx.o ABSOLUTE
    timer.c                                  0x00000000   Number         0  timer.o ABSOLUTE
    timer.c                                  0x00000000   Number         0  timer.o ABSOLUTE
    RESET                                    0x08000000   Section      392  startup_stm32l476xx.o(RESET)
    !!!main                                  0x08000188   Section        8  __main.o(!!!main)
    !!!scatter                               0x08000190   Section       52  __scatter.o(!!!scatter)
    !!dclz77c                                0x080001c4   Section      100  __dclz77c.o(!!dclz77c)
    !!handler_zi                             0x08000228   Section       28  __scatter_zi.o(!!handler_zi)
    .ARM.Collect$$_printf_percent$$00000000  0x08000244   Section        0  _printf_percent.o(.ARM.Collect$$_printf_percent$$00000000)
    .ARM.Collect$$_printf_percent$$00000003  0x08000244   Section        6  _printf_f.o(.ARM.Collect$$_printf_percent$$00000003)
    .ARM.Collect$$_printf_percent$$00000009  0x0800024a   Section        6  _printf_d.o(.ARM.Collect$$_printf_percent$$00000009)
    .ARM.Collect$$_printf_percent$$00000013  0x08000250   Section        6  _printf_c.o(.ARM.Collect$$_printf_percent$$00000013)
    .ARM.Collect$$_printf_percent$$00000017  0x08000256   Section        4  _printf_percent_end.o(.ARM.Collect$$_printf_percent$$00000017)
    .ARM.Collect$$libinit$$00000000          0x0800025a   Section        2  libinit.o(.ARM.Collect$$libinit$$00000000)
    .ARM.Collect$$libinit$$00000001          0x0800025c   Section        4  libinit2.o(.ARM.Collect$$libinit$$00000001)
    .ARM.Collect$$libinit$$00000004          0x08000260   Section        0  libinit2.o(.ARM.Collect$$libinit$$00000004)
    .ARM.Collect$$libinit$$0000000A          0x08000260   Section        0  libinit2.o(.ARM.Collect$$libinit$$0000000A)
    .ARM.Collect$$libinit$$0000000C          0x08000260   Section        0  libinit2.o(.ARM.Collect$$libinit$$0000000C)
    .ARM.Collect$$libinit$$0000000E          0x08000260   Section        0  libinit2.o(.ARM.Collect$$libinit$$0000000E)
    .ARM.Collect$$libinit$$0000000F          0x08000260   Section        6  libinit2.o(.ARM.Collect$$libinit$$0000000F)
    .ARM.Collect$$libinit$$00000011          0x08000266   Section        0  libinit2.o(.ARM.Collect$$libinit$$00000011)
    .ARM.Collect$$libinit$$00000012          0x08000266   Section       12  libinit2.o(.ARM.Collect$$libinit$$00000012)
    .ARM.Collect$$libinit$$00000013          0x08000272   Section        0  libinit2.o(.ARM.Collect$$libinit$$00000013)
    .ARM.Collect$$libinit$$00000015          0x08000272   Section        0  libinit2.o(.ARM.Collect$$libinit$$00000015)
    .ARM.Collect$$libinit$$00000016          0x08000272   Section       10  libinit2.o(.ARM.Collect$$libinit$$00000016)
    .ARM.Collect$$libinit$$00000017          0x0800027c   Section        0  libinit2.o(.ARM.Collect$$libinit$$00000017)
    .ARM.Collect$$libinit$$00000019          0x0800027c   Section        0  libinit2.o(.ARM.Collect$$libinit$$00000019)
    .ARM.Collect$$libinit$$0000001B          0x0800027c   Section        0  libinit2.o(.ARM.Collect$$libinit$$0000001B)
    .ARM.Collect$$libinit$$0000001D          0x0800027c   Section        0  libinit2.o(.ARM.Collect$$libinit$$0000001D)
    .ARM.Collect$$libinit$$0000001F          0x0800027c   Section        0  libinit2.o(.ARM.Collect$$libinit$$0000001F)
    .ARM.Collect$$libinit$$00000021          0x0800027c   Section        0  libinit2.o(.ARM.Collect$$libinit$$00000021)
    .ARM.Collect$$libinit$$00000023          0x0800027c   Section        0  libinit2.o(.ARM.Collect$$libinit$$00000023)
    .ARM.Collect$$libinit$$00000025          0x0800027c   Section        0  libinit2.o(.ARM.Collect$$libinit$$00000025)
    .ARM.Collect$$libinit$$0000002C          0x0800027c   Section        0  libinit2.o(.ARM.Collect$$libinit$$0000002C)
    .ARM.Collect$$libinit$$0000002E          0x0800027c   Section        0  libinit2.o(.ARM.Collect$$libinit$$0000002E)
    .ARM.Collect$$libinit$$00000030          0x0800027c   Section        0  libinit2.o(.ARM.Collect$$libinit$$00000030)
    .ARM.Collect$$libinit$$00000032          0x0800027c   Section        0  libinit2.o(.ARM.Collect$$libinit$$00000032)
    .ARM.Collect$$libinit$$00000033          0x0800027c   Section        2  libinit2.o(.ARM.Collect$$libinit$$00000033)
    .ARM.Collect$$libshutdown$$00000000      0x0800027e   Section        2  libshutdown.o(.ARM.Collect$$libshutdown$$00000000)
    .ARM.Collect$$libshutdown$$00000002      0x08000280   Section        0  libshutdown2.o(.ARM.Collect$$libshutdown$$00000002)
    .ARM.Collect$$libshutdown$$00000004      0x08000280   Section        0  libshutdown2.o(.ARM.Collect$$libshutdown$$00000004)
    .ARM.Collect$$libshutdown$$00000007      0x08000280   Section        0  libshutdown2.o(.ARM.Collect$$libshutdown$$00000007)
    .ARM.Collect$$libshutdown$$0000000A      0x08000280   Section        0  libshutdown2.o(.ARM.Collect$$libshutdown$$0000000A)
    .ARM.Collect$$libshutdown$$0000000C      0x08000280   Section        0  libshutdown2.o(.ARM.Collect$$libshutdown$$0000000C)
    .ARM.Collect$$libshutdown$$0000000F      0x08000280   Section        0  libshutdown2.o(.ARM.Collect$$libshutdown$$0000000F)
    .ARM.Collect$$libshutdown$$00000010      0x08000280   Section        2  libshutdown2.o(.ARM.Collect$$libshutdown$$00000010)
    .ARM.Collect$$rtentry$$00000000          0x08000282   Section        0  __rtentry.o(.ARM.Collect$$rtentry$$00000000)
    .ARM.Collect$$rtentry$$00000002          0x08000282   Section        0  __rtentry2.o(.ARM.Collect$$rtentry$$00000002)
    .ARM.Collect$$rtentry$$00000004          0x08000282   Section        6  __rtentry4.o(.ARM.Collect$$rtentry$$00000004)
    .ARM.Collect$$rtentry$$00000009          0x08000288   Section        0  __rtentry2.o(.ARM.Collect$$rtentry$$00000009)
    .ARM.Collect$$rtentry$$0000000A          0x08000288   Section        4  __rtentry2.o(.ARM.Collect$$rtentry$$0000000A)
    .ARM.Collect$$rtentry$$0000000C          0x0800028c   Section        0  __rtentry2.o(.ARM.Collect$$rtentry$$0000000C)
    .ARM.Collect$$rtentry$$0000000D          0x0800028c   Section        8  __rtentry2.o(.ARM.Collect$$rtentry$$0000000D)
    .ARM.Collect$$rtexit$$00000000           0x08000294   Section        2  rtexit.o(.ARM.Collect$$rtexit$$00000000)
    .ARM.Collect$$rtexit$$00000002           0x08000296   Section        0  rtexit2.o(.ARM.Collect$$rtexit$$00000002)
    .ARM.Collect$$rtexit$$00000003           0x08000296   Section        4  rtexit2.o(.ARM.Collect$$rtexit$$00000003)
    .ARM.Collect$$rtexit$$00000004           0x0800029a   Section        6  rtexit2.o(.ARM.Collect$$rtexit$$00000004)
    .text                                    0x080002a0   Section      132  startup_stm32l476xx.o(.text)
    $v0                                      0x080002a0   Number         0  startup_stm32l476xx.o(.text)
    .text                                    0x08000324   Section        0  toupper.o(.text)
    .text                                    0x08000344   Section        0  __2sprintf.o(.text)
    .text                                    0x08000370   Section        0  _printf_str.o(.text)
    .text                                    0x080003c4   Section        0  _printf_dec.o(.text)
    .text                                    0x0800043c   Section        0  __printf_wp.o(.text)
    .text                                    0x0800054a   Section        0  atoi.o(.text)
    .text                                    0x08000564   Section       86  strncpy.o(.text)
    .text                                    0x080005ba   Section        0  heapauxi.o(.text)
    .text                                    0x080005c0   Section       16  rt_ctype_table.o(.text)
    .text                                    0x080005d0   Section        8  rt_errno_addr_intlibspace.o(.text)
    .text                                    0x080005d8   Section        0  _printf_intcommon.o(.text)
    .text                                    0x0800068a   Section        0  _printf_fp_dec.o(.text)
    _fp_digits                               0x0800068d   Thumb Code   432  _printf_fp_dec.o(.text)
    .text                                    0x08000ab0   Section        0  _printf_char_common.o(.text)
    _printf_input_char                       0x08000ab1   Thumb Code    10  _printf_char_common.o(.text)
    .text                                    0x08000ae0   Section        0  _sputc.o(.text)
    .text                                    0x08000aea   Section        0  _printf_char.o(.text)
    .text                                    0x08000b16   Section        0  strtof.o(.text)
    .text                                    0x08000b30   Section        0  strtol.o(.text)
    .text                                    0x08000ba0   Section       68  rt_memclr.o(.text)
    .text                                    0x08000be4   Section        8  libspace.o(.text)
    .text                                    0x08000bec   Section        8  rt_locale_intlibspace.o(.text)
    .text                                    0x08000bf4   Section      138  lludiv10.o(.text)
    .text                                    0x08000c80   Section        0  _printf_fp_infnan.o(.text)
    .text                                    0x08000d00   Section        0  _strtoul.o(.text)
    .text                                    0x08000da4   Section        0  strtod.o(.text)
    _local_sscanf                            0x08000da5   Thumb Code    60  strtod.o(.text)
    .text                                    0x08000e48   Section        0  bigflt0.o(.text)
    .text                                    0x08000f2c   Section       78  rt_memclr_w.o(.text)
    .text                                    0x08000f7a   Section       74  sys_stackheap_outer.o(.text)
    .text                                    0x08000fc4   Section        0  _rserrno.o(.text)
    .text                                    0x08000fda   Section        0  isspace.o(.text)
    .text                                    0x08000fec   Section        0  _chval.o(.text)
    .text                                    0x08001008   Section        0  _sgetc.o(.text)
    .text                                    0x08001048   Section        0  exit.o(.text)
    .text                                    0x0800105c   Section      128  strcmpv7m.o(.text)
    .text                                    0x080010dc   Section        0  scanf_fp.o(.text)
    _fp_value                                0x080010dd   Thumb Code   588  scanf_fp.o(.text)
    .text                                    0x080015e4   Section        0  sys_exit.o(.text)
    .text                                    0x080015f0   Section        0  scanf_hexfp.o(.text)
    .text                                    0x08001918   Section        0  scanf_infnan.o(.text)
    .text                                    0x08001a52   Section        2  use_no_semi.o(.text)
    .text                                    0x08001a54   Section        0  indicate_semi.o(.text)
    .text                                    0x08001a54   Section       38  llshl.o(.text)
    CL$$btod_d2e                             0x08001a7a   Section       62  btod.o(CL$$btod_d2e)
    CL$$btod_d2e_denorm_low                  0x08001ab8   Section       70  btod.o(CL$$btod_d2e_denorm_low)
    CL$$btod_d2e_norm_op1                    0x08001afe   Section       96  btod.o(CL$$btod_d2e_norm_op1)
    CL$$btod_div_common                      0x08001b5e   Section      824  btod.o(CL$$btod_div_common)
    CL$$btod_e2d                             0x08001e98   Section      132  btod.o(CL$$btod_e2d)
    CL$$btod_e2e                             0x08001f1c   Section      220  btod.o(CL$$btod_e2e)
    CL$$btod_ediv                            0x08001ff8   Section       42  btod.o(CL$$btod_ediv)
    CL$$btod_edivd                           0x08002022   Section       42  btod.o(CL$$btod_edivd)
    CL$$btod_emul                            0x0800204c   Section       42  btod.o(CL$$btod_emul)
    CL$$btod_emuld                           0x08002076   Section       42  btod.o(CL$$btod_emuld)
    CL$$btod_mult_common                     0x080020a0   Section      580  btod.o(CL$$btod_mult_common)
    i.System_Clock_Init                      0x080022e4   Section        0  sysclock.o(i.System_Clock_Init)
    i.TIM2_IRQHandler                        0x08002468   Section        0  timer.o(i.TIM2_IRQHandler)
    i.TIM_Init                               0x080024c8   Section        0  timer.o(i.TIM_Init)
    i.UART2_GPIO_Init                        0x08002544   Section        0  uart.o(i.UART2_GPIO_Init)
    i.UART2_Init                             0x080025b8   Section        0  uart.o(i.UART2_Init)
    i.USART2_IRQHandler                      0x0800263c   Section        0  uart.o(i.USART2_IRQHandler)
    i.USART_Delay                            0x0800272c   Section        0  uart.o(i.USART_Delay)
    i.USART_Init                             0x08002740   Section        0  uart.o(i.USART_Init)
    i.USART_Write                            0x080027d4   Section        0  uart.o(i.USART_Write)
    i.USART_Write_char                       0x08002814   Section        0  uart.o(i.USART_Write_char)
    i.__ARM_fpclassify                       0x0800283c   Section        0  fpclassify.o(i.__ARM_fpclassify)
    i.__hardfp___mathlib_tofloat             0x08002870   Section        0  narrow.o(i.__hardfp___mathlib_tofloat)
    i.__hardfp_ldexp                         0x08002968   Section        0  ldexp.o(i.__hardfp_ldexp)
    i.__hardfp_strtof                        0x08002a38   Section        0  strtof.o(i.__hardfp_strtof)
    i.__mathlib_dbl_overflow                 0x08002a58   Section        0  dunder.o(i.__mathlib_dbl_overflow)
    i.__mathlib_dbl_underflow                0x08002a78   Section        0  dunder.o(i.__mathlib_dbl_underflow)
    i.__mathlib_narrow                       0x08002a98   Section        0  narrow.o(i.__mathlib_narrow)
    i.__support_ldexp                        0x08002aaa   Section        0  ldexp.o(i.__support_ldexp)
    i._is_digit                              0x08002abe   Section        0  __printf_wp.o(i._is_digit)
    i.backspace_entered                      0x08002acc   Section        0  uart.o(i.backspace_entered)
    i.check_for_command                      0x08002b2c   Section        0  uart.o(i.check_for_command)
    i.cus                                    0x08002e70   Section        0  dac.o(i.cus)
    i.frexp                                  0x08002ec0   Section        0  frexp.o(i.frexp)
    i.init_dac                               0x08002f4c   Section        0  dac.o(i.init_dac)
    i.init_dac_GPIO                          0x08002f70   Section        0  dac.o(i.init_dac_GPIO)
    i.main                                   0x08002fa8   Section        0  main.o(i.main)
    i.ramp                                   0x08002fc4   Section        0  dac.o(i.ramp)
    i.sine                                   0x08003008   Section        0  dac.o(i.sine)
    i.triangle                               0x0800304c   Section        0  dac.o(i.triangle)
    locale$$code                             0x08003090   Section       44  lc_ctype_c.o(locale$$code)
    locale$$code                             0x080030bc   Section       44  lc_numeric_c.o(locale$$code)
    x$fpl$d2f                                0x080030e8   Section       98  d2f.o(x$fpl$d2f)
    $v0                                      0x080030e8   Number         0  d2f.o(x$fpl$d2f)
    x$fpl$dcheck1                            0x0800314c   Section       16  dcheck1.o(x$fpl$dcheck1)
    $v0                                      0x0800314c   Number         0  dcheck1.o(x$fpl$dcheck1)
    x$fpl$dcmpinf                            0x0800315c   Section       24  dcmpi.o(x$fpl$dcmpinf)
    $v0                                      0x0800315c   Number         0  dcmpi.o(x$fpl$dcmpinf)
    x$fpl$ddiv                               0x08003174   Section      688  ddiv.o(x$fpl$ddiv)
    $v0                                      0x08003174   Number         0  ddiv.o(x$fpl$ddiv)
    ddiv_entry                               0x0800317b   Thumb Code     0  ddiv.o(x$fpl$ddiv)
    x$fpl$deqf                               0x08003424   Section      120  deqf.o(x$fpl$deqf)
    $v0                                      0x08003424   Number         0  deqf.o(x$fpl$deqf)
    x$fpl$dfixu                              0x0800349c   Section       90  dfixu.o(x$fpl$dfixu)
    $v0                                      0x0800349c   Number         0  dfixu.o(x$fpl$dfixu)
    x$fpl$dflt                               0x080034f6   Section       46  dflt_clz.o(x$fpl$dflt)
    $v0                                      0x080034f6   Number         0  dflt_clz.o(x$fpl$dflt)
    x$fpl$dleqf                              0x08003524   Section      120  dleqf.o(x$fpl$dleqf)
    $v0                                      0x08003524   Number         0  dleqf.o(x$fpl$dleqf)
    x$fpl$dmul                               0x0800359c   Section      340  dmul.o(x$fpl$dmul)
    $v0                                      0x0800359c   Number         0  dmul.o(x$fpl$dmul)
    x$fpl$dnaninf                            0x080036f0   Section      156  dnaninf.o(x$fpl$dnaninf)
    $v0                                      0x080036f0   Number         0  dnaninf.o(x$fpl$dnaninf)
    x$fpl$dretinf                            0x0800378c   Section       12  dretinf.o(x$fpl$dretinf)
    $v0                                      0x0800378c   Number         0  dretinf.o(x$fpl$dretinf)
    x$fpl$drleqf                             0x08003798   Section      108  drleqf.o(x$fpl$drleqf)
    $v0                                      0x08003798   Number         0  drleqf.o(x$fpl$drleqf)
    x$fpl$f2d                                0x08003804   Section       86  f2d.o(x$fpl$f2d)
    $v0                                      0x08003804   Number         0  f2d.o(x$fpl$f2d)
    x$fpl$fnaninf                            0x0800385a   Section      140  fnaninf.o(x$fpl$fnaninf)
    $v0                                      0x0800385a   Number         0  fnaninf.o(x$fpl$fnaninf)
    x$fpl$fpinit                             0x080038e6   Section       10  fpinit.o(x$fpl$fpinit)
    $v0                                      0x080038e6   Number         0  fpinit.o(x$fpl$fpinit)
    x$fpl$fretinf                            0x080038f0   Section       10  fretinf.o(x$fpl$fretinf)
    $v0                                      0x080038f0   Number         0  fretinf.o(x$fpl$fretinf)
    x$fpl$ieeestatus                         0x080038fa   Section        6  istatus.o(x$fpl$ieeestatus)
    $v0                                      0x080038fa   Number         0  istatus.o(x$fpl$ieeestatus)
    x$fpl$printf1                            0x08003900   Section        4  printf1.o(x$fpl$printf1)
    $v0                                      0x08003900   Number         0  printf1.o(x$fpl$printf1)
    x$fpl$retnan                             0x08003904   Section      100  retnan.o(x$fpl$retnan)
    $v0                                      0x08003904   Number         0  retnan.o(x$fpl$retnan)
    x$fpl$scalbn                             0x08003968   Section       92  scalbn.o(x$fpl$scalbn)
    $v0                                      0x08003968   Number         0  scalbn.o(x$fpl$scalbn)
    x$fpl$scanf1                             0x080039c4   Section        4  scanf1.o(x$fpl$scanf1)
    $v0                                      0x080039c4   Number         0  scanf1.o(x$fpl$scanf1)
    x$fpl$scanf2                             0x080039c8   Section        8  scanf2.o(x$fpl$scanf2)
    $v0                                      0x080039c8   Number         0  scanf2.o(x$fpl$scanf2)
    x$fpl$trapveneer                         0x080039d0   Section       48  trapv.o(x$fpl$trapveneer)
    $v0                                      0x080039d0   Number         0  trapv.o(x$fpl$trapveneer)
    .constdata                               0x08003a00   Section      148  bigflt0.o(.constdata)
    x$fpl$usenofp                            0x08003a00   Section        0  usenofp.o(x$fpl$usenofp)
    tenpwrs_x                                0x08003a00   Data          60  bigflt0.o(.constdata)
    tenpwrs_i                                0x08003a3c   Data          64  bigflt0.o(.constdata)
    c$$dinf                                  0x08003ab4   Section        8  fpconst.o(c$$dinf)
    c$$dmax                                  0x08003abc   Section        8  fpconst.o(c$$dmax)
    locale$$data                             0x08003ac4   Section      272  lc_ctype_c.o(locale$$data)
    __lcctype_c_name                         0x08003ac8   Data           2  lc_ctype_c.o(locale$$data)
    __lcctype_c_start                        0x08003ad0   Data           0  lc_ctype_c.o(locale$$data)
    locale$$data                             0x08003bd4   Section       28  lc_numeric_c.o(locale$$data)
    __lcctype_c_end                          0x08003bd4   Data           0  lc_ctype_c.o(locale$$data)
    __lcnum_c_name                           0x08003bd8   Data           2  lc_numeric_c.o(locale$$data)
    __lcnum_c_start                          0x08003be0   Data           0  lc_numeric_c.o(locale$$data)
    __lcnum_c_point                          0x08003bec   Data           0  lc_numeric_c.o(locale$$data)
    __lcnum_c_thousands                      0x08003bee   Data           0  lc_numeric_c.o(locale$$data)
    __lcnum_c_grouping                       0x08003bef   Data           0  lc_numeric_c.o(locale$$data)
    __lcnum_c_end                            0x08003bf0   Data           0  lc_numeric_c.o(locale$$data)
    .data                                    0x20000000   Section        7  uart.o(.data)
    buffer                                   0x20000000   Data           6  uart.o(.data)
    buffer_idx                               0x20000006   Data           1  uart.o(.data)
    .data                                    0x20000008   Section       16  timer.o(.data)
    .data                                    0x20000018   Section     2048  dac.o(.data)
    .bss                                     0x20000818   Section       96  libspace.o(.bss)
    HEAP                                     0x20000878   Section      512  startup_stm32l476xx.o(HEAP)
    Heap_Mem                                 0x20000878   Data         512  startup_stm32l476xx.o(HEAP)
    STACK                                    0x20000a78   Section     1024  startup_stm32l476xx.o(STACK)
    Stack_Mem                                0x20000a78   Data        1024  startup_stm32l476xx.o(STACK)
    __initial_sp                             0x20000e78   Data           0  startup_stm32l476xx.o(STACK)

    Global Symbols

    Symbol Name                              Value     Ov Type        Size  Object(Section)

    BuildAttributes$$THM_ISAv4$E$P$D$K$B$S$7EM$VFPi3$EXTD16$VFPS$VFMA$PE$A:L22UL41UL21$X:L11$S22US41US21$IEEE1$IW$USESV6$~STKCKD$USESV7$~SHL$OTIME$ROPI$IEEEX$EBA8$UX$STANDARDLIB$REQ8$PRES8$EABIv2 0x00000000   Number         0  anon$$obj.o ABSOLUTE
    Image$$ER_IROM1$$RW$$Length              0x00000000   Number         0  anon$$obj.o ABSOLUTE
    Image$$ER_IROM1$$ZI$$Length              0x00000000   Number         0  anon$$obj.o ABSOLUTE
    Image$$RW_IRAM1$$RO$$Length              0x00000000   Number         0  anon$$obj.o ABSOLUTE
    __ARM_use_no_argv                        0x00000000   Number         0  main.o ABSOLUTE
    _printf_flags                            0x00000000   Number         0  printf_stubs.o ABSOLUTE
    _printf_return_value                     0x00000000   Number         0  printf_stubs.o ABSOLUTE
    _printf_sizespec                         0x00000000   Number         0  printf_stubs.o ABSOLUTE
    _printf_widthprec                        0x00000000   Number         0  printf_stubs.o ABSOLUTE
    __ARM_exceptions_init                     - Undefined Weak Reference
    __alloca_initialize                       - Undefined Weak Reference
    __arm_preinit_                            - Undefined Weak Reference
    __cpp_initialize__aeabi_                  - Undefined Weak Reference
    __cxa_finalize                            - Undefined Weak Reference
    __sigvec_lookup                           - Undefined Weak Reference
    _atexit_init                              - Undefined Weak Reference
    _call_atexit_fns                          - Undefined Weak Reference
    _clock_init                               - Undefined Weak Reference
    _fp_trap_init                             - Undefined Weak Reference
    _fp_trap_shutdown                         - Undefined Weak Reference
    _get_lc_collate                           - Undefined Weak Reference
    _get_lc_monetary                          - Undefined Weak Reference
    _get_lc_time                              - Undefined Weak Reference
    _getenv_init                              - Undefined Weak Reference
    _handle_redirection                       - Undefined Weak Reference
    _init_alloc                               - Undefined Weak Reference
    _init_user_alloc                          - Undefined Weak Reference
    _initio                                   - Undefined Weak Reference
    _printf_mbtowc                            - Undefined Weak Reference
    _printf_post_padding                      - Undefined Weak Reference
    _printf_pre_padding                       - Undefined Weak Reference
    _printf_truncate_signed                   - Undefined Weak Reference
    _printf_truncate_unsigned                 - Undefined Weak Reference
    _rand_init                                - Undefined Weak Reference
    _signal_finish                            - Undefined Weak Reference
    _signal_init                              - Undefined Weak Reference
    _terminate_alloc                          - Undefined Weak Reference
    _terminate_user_alloc                     - Undefined Weak Reference
    _terminateio                              - Undefined Weak Reference
    __Vectors_Size                           0x00000188   Number         0  startup_stm32l476xx.o ABSOLUTE
    Image$$RW_IRAM1$$ZI$$Length              0x00000660   Number         0  anon$$obj.o ABSOLUTE
    Image$$RW_IRAM1$$Length                  0x00000818   Number         0  anon$$obj.o ABSOLUTE
    Image$$RW_IRAM1$$RW$$Length              0x00000818   Number         0  anon$$obj.o ABSOLUTE
    Image$$ER_IROM1$$RO$$Length              0x00003bf0   Number         0  anon$$obj.o ABSOLUTE
    Image$$ER_IROM1$$RO$$Base                0x08000000   Number         0  anon$$obj.o ABSOLUTE
    Load$$ER_IROM1$$Base                     0x08000000   Number         0  anon$$obj.o ABSOLUTE
    __Vectors                                0x08000000   Data           4  startup_stm32l476xx.o(RESET)
    __Vectors_End                            0x08000188   Data           0  startup_stm32l476xx.o(RESET)
    __main                                   0x08000189   Thumb Code     8  __main.o(!!!main)
    __scatterload                            0x08000191   Thumb Code     0  __scatter.o(!!!scatter)
    __scatterload_rt2                        0x08000191   Thumb Code    44  __scatter.o(!!!scatter)
    __scatterload_rt2_thumb_only             0x08000191   Thumb Code     0  __scatter.o(!!!scatter)
    __scatterload_null                       0x0800019f   Thumb Code     0  __scatter.o(!!!scatter)
    __decompress                             0x080001c5   Thumb Code   100  __dclz77c.o(!!dclz77c)
    __decompress2                            0x080001c5   Thumb Code     0  __dclz77c.o(!!dclz77c)
    __scatterload_zeroinit                   0x08000229   Thumb Code    28  __scatter_zi.o(!!handler_zi)
    _printf_f                                0x08000245   Thumb Code     0  _printf_f.o(.ARM.Collect$$_printf_percent$$00000003)
    _printf_percent                          0x08000245   Thumb Code     0  _printf_percent.o(.ARM.Collect$$_printf_percent$$00000000)
    _printf_d                                0x0800024b   Thumb Code     0  _printf_d.o(.ARM.Collect$$_printf_percent$$00000009)
    _printf_c                                0x08000251   Thumb Code     0  _printf_c.o(.ARM.Collect$$_printf_percent$$00000013)
    _printf_percent_end                      0x08000257   Thumb Code     0  _printf_percent_end.o(.ARM.Collect$$_printf_percent$$00000017)
    __rt_lib_init                            0x0800025b   Thumb Code     0  libinit.o(.ARM.Collect$$libinit$$00000000)
    __rt_lib_init_fp_1                       0x0800025d   Thumb Code     0  libinit2.o(.ARM.Collect$$libinit$$00000001)
    __rt_lib_init_heap_1                     0x08000261   Thumb Code     0  libinit2.o(.ARM.Collect$$libinit$$0000000A)
    __rt_lib_init_lc_common                  0x08000261   Thumb Code     0  libinit2.o(.ARM.Collect$$libinit$$0000000F)
    __rt_lib_init_preinit_1                  0x08000261   Thumb Code     0  libinit2.o(.ARM.Collect$$libinit$$00000004)
    __rt_lib_init_rand_1                     0x08000261   Thumb Code     0  libinit2.o(.ARM.Collect$$libinit$$0000000E)
    __rt_lib_init_user_alloc_1               0x08000261   Thumb Code     0  libinit2.o(.ARM.Collect$$libinit$$0000000C)
    __rt_lib_init_lc_collate_1               0x08000267   Thumb Code     0  libinit2.o(.ARM.Collect$$libinit$$00000011)
    __rt_lib_init_lc_ctype_2                 0x08000267   Thumb Code     0  libinit2.o(.ARM.Collect$$libinit$$00000012)
    __rt_lib_init_lc_ctype_1                 0x08000273   Thumb Code     0  libinit2.o(.ARM.Collect$$libinit$$00000013)
    __rt_lib_init_lc_monetary_1              0x08000273   Thumb Code     0  libinit2.o(.ARM.Collect$$libinit$$00000015)
    __rt_lib_init_lc_numeric_2               0x08000273   Thumb Code     0  libinit2.o(.ARM.Collect$$libinit$$00000016)
    __rt_lib_init_alloca_1                   0x0800027d   Thumb Code     0  libinit2.o(.ARM.Collect$$libinit$$0000002E)
    __rt_lib_init_argv_1                     0x0800027d   Thumb Code     0  libinit2.o(.ARM.Collect$$libinit$$0000002C)
    __rt_lib_init_atexit_1                   0x0800027d   Thumb Code     0  libinit2.o(.ARM.Collect$$libinit$$0000001B)
    __rt_lib_init_clock_1                    0x0800027d   Thumb Code     0  libinit2.o(.ARM.Collect$$libinit$$00000021)
    __rt_lib_init_cpp_1                      0x0800027d   Thumb Code     0  libinit2.o(.ARM.Collect$$libinit$$00000032)
    __rt_lib_init_exceptions_1               0x0800027d   Thumb Code     0  libinit2.o(.ARM.Collect$$libinit$$00000030)
    __rt_lib_init_fp_trap_1                  0x0800027d   Thumb Code     0  libinit2.o(.ARM.Collect$$libinit$$0000001F)
    __rt_lib_init_getenv_1                   0x0800027d   Thumb Code     0  libinit2.o(.ARM.Collect$$libinit$$00000023)
    __rt_lib_init_lc_numeric_1               0x0800027d   Thumb Code     0  libinit2.o(.ARM.Collect$$libinit$$00000017)
    __rt_lib_init_lc_time_1                  0x0800027d   Thumb Code     0  libinit2.o(.ARM.Collect$$libinit$$00000019)
    __rt_lib_init_return                     0x0800027d   Thumb Code     0  libinit2.o(.ARM.Collect$$libinit$$00000033)
    __rt_lib_init_signal_1                   0x0800027d   Thumb Code     0  libinit2.o(.ARM.Collect$$libinit$$0000001D)
    __rt_lib_init_stdio_1                    0x0800027d   Thumb Code     0  libinit2.o(.ARM.Collect$$libinit$$00000025)
    __rt_lib_shutdown                        0x0800027f   Thumb Code     0  libshutdown.o(.ARM.Collect$$libshutdown$$00000000)
    __rt_lib_shutdown_cpp_1                  0x08000281   Thumb Code     0  libshutdown2.o(.ARM.Collect$$libshutdown$$00000002)
    __rt_lib_shutdown_fp_trap_1              0x08000281   Thumb Code     0  libshutdown2.o(.ARM.Collect$$libshutdown$$00000007)
    __rt_lib_shutdown_heap_1                 0x08000281   Thumb Code     0  libshutdown2.o(.ARM.Collect$$libshutdown$$0000000F)
    __rt_lib_shutdown_return                 0x08000281   Thumb Code     0  libshutdown2.o(.ARM.Collect$$libshutdown$$00000010)
    __rt_lib_shutdown_signal_1               0x08000281   Thumb Code     0  libshutdown2.o(.ARM.Collect$$libshutdown$$0000000A)
    __rt_lib_shutdown_stdio_1                0x08000281   Thumb Code     0  libshutdown2.o(.ARM.Collect$$libshutdown$$00000004)
    __rt_lib_shutdown_user_alloc_1           0x08000281   Thumb Code     0  libshutdown2.o(.ARM.Collect$$libshutdown$$0000000C)
    __rt_entry                               0x08000283   Thumb Code     0  __rtentry.o(.ARM.Collect$$rtentry$$00000000)
    __rt_entry_presh_1                       0x08000283   Thumb Code     0  __rtentry2.o(.ARM.Collect$$rtentry$$00000002)
    __rt_entry_sh                            0x08000283   Thumb Code     0  __rtentry4.o(.ARM.Collect$$rtentry$$00000004)
    __rt_entry_li                            0x08000289   Thumb Code     0  __rtentry2.o(.ARM.Collect$$rtentry$$0000000A)
    __rt_entry_postsh_1                      0x08000289   Thumb Code     0  __rtentry2.o(.ARM.Collect$$rtentry$$00000009)
    __rt_entry_main                          0x0800028d   Thumb Code     0  __rtentry2.o(.ARM.Collect$$rtentry$$0000000D)
    __rt_entry_postli_1                      0x0800028d   Thumb Code     0  __rtentry2.o(.ARM.Collect$$rtentry$$0000000C)
    __rt_exit                                0x08000295   Thumb Code     0  rtexit.o(.ARM.Collect$$rtexit$$00000000)
    __rt_exit_ls                             0x08000297   Thumb Code     0  rtexit2.o(.ARM.Collect$$rtexit$$00000003)
    __rt_exit_prels_1                        0x08000297   Thumb Code     0  rtexit2.o(.ARM.Collect$$rtexit$$00000002)
    __rt_exit_exit                           0x0800029b   Thumb Code     0  rtexit2.o(.ARM.Collect$$rtexit$$00000004)
    Reset_Handler                            0x080002a1   Thumb Code    60  startup_stm32l476xx.o(.text)
    NMI_Handler                              0x080002dd   Thumb Code     2  startup_stm32l476xx.o(.text)
    HardFault_Handler                        0x080002df   Thumb Code     2  startup_stm32l476xx.o(.text)
    MemManage_Handler                        0x080002e1   Thumb Code     2  startup_stm32l476xx.o(.text)
    BusFault_Handler                         0x080002e3   Thumb Code     2  startup_stm32l476xx.o(.text)
    UsageFault_Handler                       0x080002e5   Thumb Code     2  startup_stm32l476xx.o(.text)
    SVC_Handler                              0x080002e7   Thumb Code     2  startup_stm32l476xx.o(.text)
    DebugMon_Handler                         0x080002e9   Thumb Code     2  startup_stm32l476xx.o(.text)
    PendSV_Handler                           0x080002eb   Thumb Code     2  startup_stm32l476xx.o(.text)
    SysTick_Handler                          0x080002ed   Thumb Code     2  startup_stm32l476xx.o(.text)
    ADC1_2_IRQHandler                        0x080002ef   Thumb Code     0  startup_stm32l476xx.o(.text)
    ADC3_IRQHandler                          0x080002ef   Thumb Code     0  startup_stm32l476xx.o(.text)
    CAN1_RX0_IRQHandler                      0x080002ef   Thumb Code     0  startup_stm32l476xx.o(.text)
    CAN1_RX1_IRQHandler                      0x080002ef   Thumb Code     0  startup_stm32l476xx.o(.text)
    CAN1_SCE_IRQHandler                      0x080002ef   Thumb Code     0  startup_stm32l476xx.o(.text)
    CAN1_TX_IRQHandler                       0x080002ef   Thumb Code     0  startup_stm32l476xx.o(.text)
    COMP_IRQHandler                          0x080002ef   Thumb Code     0  startup_stm32l476xx.o(.text)
    DFSDM0_IRQHandler                        0x080002ef   Thumb Code     0  startup_stm32l476xx.o(.text)
    DFSDM1_IRQHandler                        0x080002ef   Thumb Code     0  startup_stm32l476xx.o(.text)
    DFSDM2_IRQHandler                        0x080002ef   Thumb Code     0  startup_stm32l476xx.o(.text)
    DFSDM3_IRQHandler                        0x080002ef   Thumb Code     0  startup_stm32l476xx.o(.text)
    DMA1_Channel1_IRQHandler                 0x080002ef   Thumb Code     0  startup_stm32l476xx.o(.text)
    DMA1_Channel2_IRQHandler                 0x080002ef   Thumb Code     0  startup_stm32l476xx.o(.text)
    DMA1_Channel3_IRQHandler                 0x080002ef   Thumb Code     0  startup_stm32l476xx.o(.text)
    DMA1_Channel4_IRQHandler                 0x080002ef   Thumb Code     0  startup_stm32l476xx.o(.text)
    DMA1_Channel5_IRQHandler                 0x080002ef   Thumb Code     0  startup_stm32l476xx.o(.text)
    DMA1_Channel6_IRQHandler                 0x080002ef   Thumb Code     0  startup_stm32l476xx.o(.text)
    DMA1_Channel7_IRQHandler                 0x080002ef   Thumb Code     0  startup_stm32l476xx.o(.text)
    DMA2_Channel1_IRQHandler                 0x080002ef   Thumb Code     0  startup_stm32l476xx.o(.text)
    DMA2_Channel2_IRQHandler                 0x080002ef   Thumb Code     0  startup_stm32l476xx.o(.text)
    DMA2_Channel3_IRQHandler                 0x080002ef   Thumb Code     0  startup_stm32l476xx.o(.text)
    DMA2_Channel4_IRQHandler                 0x080002ef   Thumb Code     0  startup_stm32l476xx.o(.text)
    DMA2_Channel5_IRQHandler                 0x080002ef   Thumb Code     0  startup_stm32l476xx.o(.text)
    DMA2_Channel6_IRQHandler                 0x080002ef   Thumb Code     0  startup_stm32l476xx.o(.text)
    DMA2_Channel7_IRQHandler                 0x080002ef   Thumb Code     0  startup_stm32l476xx.o(.text)
    EXTI0_IRQHandler                         0x080002ef   Thumb Code     0  startup_stm32l476xx.o(.text)
    EXTI15_10_IRQHandler                     0x080002ef   Thumb Code     0  startup_stm32l476xx.o(.text)
    EXTI1_IRQHandler                         0x080002ef   Thumb Code     0  startup_stm32l476xx.o(.text)
    EXTI2_IRQHandler                         0x080002ef   Thumb Code     0  startup_stm32l476xx.o(.text)
    EXTI3_IRQHandler                         0x080002ef   Thumb Code     0  startup_stm32l476xx.o(.text)
    EXTI4_IRQHandler                         0x080002ef   Thumb Code     0  startup_stm32l476xx.o(.text)
    EXTI9_5_IRQHandler                       0x080002ef   Thumb Code     0  startup_stm32l476xx.o(.text)
    FLASH_IRQHandler                         0x080002ef   Thumb Code     0  startup_stm32l476xx.o(.text)
    FMC_IRQHandler                           0x080002ef   Thumb Code     0  startup_stm32l476xx.o(.text)
    FPU_IRQHandler                           0x080002ef   Thumb Code     0  startup_stm32l476xx.o(.text)
    I2C1_ER_IRQHandler                       0x080002ef   Thumb Code     0  startup_stm32l476xx.o(.text)
    I2C1_EV_IRQHandler                       0x080002ef   Thumb Code     0  startup_stm32l476xx.o(.text)
    I2C2_ER_IRQHandler                       0x080002ef   Thumb Code     0  startup_stm32l476xx.o(.text)
    I2C2_EV_IRQHandler                       0x080002ef   Thumb Code     0  startup_stm32l476xx.o(.text)
    I2C3_ER_IRQHandler                       0x080002ef   Thumb Code     0  startup_stm32l476xx.o(.text)
    I2C3_EV_IRQHandler                       0x080002ef   Thumb Code     0  startup_stm32l476xx.o(.text)
    LCD_IRQHandler                           0x080002ef   Thumb Code     0  startup_stm32l476xx.o(.text)
    LPTIM1_IRQHandler                        0x080002ef   Thumb Code     0  startup_stm32l476xx.o(.text)
    LPTIM2_IRQHandler                        0x080002ef   Thumb Code     0  startup_stm32l476xx.o(.text)
    LPUART1_IRQHandler                       0x080002ef   Thumb Code     0  startup_stm32l476xx.o(.text)
    OTG_FS_IRQHandler                        0x080002ef   Thumb Code     0  startup_stm32l476xx.o(.text)
    PVD_PVM_IRQHandler                       0x080002ef   Thumb Code     0  startup_stm32l476xx.o(.text)
    QUADSPI_IRQHandler                       0x080002ef   Thumb Code     0  startup_stm32l476xx.o(.text)
    RCC_IRQHandler                           0x080002ef   Thumb Code     0  startup_stm32l476xx.o(.text)
    RNG_IRQHandler                           0x080002ef   Thumb Code     0  startup_stm32l476xx.o(.text)
    RTC_Alarm_IRQHandler                     0x080002ef   Thumb Code     0  startup_stm32l476xx.o(.text)
    RTC_WKUP_IRQHandler                      0x080002ef   Thumb Code     0  startup_stm32l476xx.o(.text)
    SAI1_IRQHandler                          0x080002ef   Thumb Code     0  startup_stm32l476xx.o(.text)
    SAI2_IRQHandler                          0x080002ef   Thumb Code     0  startup_stm32l476xx.o(.text)
    SDMMC1_IRQHandler                        0x080002ef   Thumb Code     0  startup_stm32l476xx.o(.text)
    SPI1_IRQHandler                          0x080002ef   Thumb Code     0  startup_stm32l476xx.o(.text)
    SPI2_IRQHandler                          0x080002ef   Thumb Code     0  startup_stm32l476xx.o(.text)
    SPI3_IRQHandler                          0x080002ef   Thumb Code     0  startup_stm32l476xx.o(.text)
    SWPMI1_IRQHandler                        0x080002ef   Thumb Code     0  startup_stm32l476xx.o(.text)
    TAMP_STAMP_IRQHandler                    0x080002ef   Thumb Code     0  startup_stm32l476xx.o(.text)
    TIM1_BRK_TIM15_IRQHandler                0x080002ef   Thumb Code     0  startup_stm32l476xx.o(.text)
    TIM1_CC_IRQHandler                       0x080002ef   Thumb Code     0  startup_stm32l476xx.o(.text)
    TIM1_TRG_COM_TIM17_IRQHandler            0x080002ef   Thumb Code     0  startup_stm32l476xx.o(.text)
    TIM1_UP_TIM16_IRQHandler                 0x080002ef   Thumb Code     0  startup_stm32l476xx.o(.text)
    TIM3_IRQHandler                          0x080002ef   Thumb Code     0  startup_stm32l476xx.o(.text)
    TIM4_IRQHandler                          0x080002ef   Thumb Code     0  startup_stm32l476xx.o(.text)
    TIM5_IRQHandler                          0x080002ef   Thumb Code     0  startup_stm32l476xx.o(.text)
    TIM6_DAC_IRQHandler                      0x080002ef   Thumb Code     0  startup_stm32l476xx.o(.text)
    TIM7_IRQHandler                          0x080002ef   Thumb Code     0  startup_stm32l476xx.o(.text)
    TIM8_BRK_IRQHandler                      0x080002ef   Thumb Code     0  startup_stm32l476xx.o(.text)
    TIM8_CC_IRQHandler                       0x080002ef   Thumb Code     0  startup_stm32l476xx.o(.text)
    TIM8_TRG_COM_IRQHandler                  0x080002ef   Thumb Code     0  startup_stm32l476xx.o(.text)
    TIM8_UP_IRQHandler                       0x080002ef   Thumb Code     0  startup_stm32l476xx.o(.text)
    TSC_IRQHandler                           0x080002ef   Thumb Code     0  startup_stm32l476xx.o(.text)
    UART4_IRQHandler                         0x080002ef   Thumb Code     0  startup_stm32l476xx.o(.text)
    UART5_IRQHandler                         0x080002ef   Thumb Code     0  startup_stm32l476xx.o(.text)
    USART1_IRQHandler                        0x080002ef   Thumb Code     0  startup_stm32l476xx.o(.text)
    USART3_IRQHandler                        0x080002ef   Thumb Code     0  startup_stm32l476xx.o(.text)
    WWDG_IRQHandler                          0x080002ef   Thumb Code     0  startup_stm32l476xx.o(.text)
    __user_initial_stackheap                 0x080002f1   Thumb Code     0  startup_stm32l476xx.o(.text)
    toupper                                  0x08000325   Thumb Code    30  toupper.o(.text)
    __2sprintf                               0x08000345   Thumb Code    38  __2sprintf.o(.text)
    _printf_str                              0x08000371   Thumb Code    82  _printf_str.o(.text)
    _printf_int_dec                          0x080003c5   Thumb Code   104  _printf_dec.o(.text)
    __printf                                 0x0800043d   Thumb Code   270  __printf_wp.o(.text)
    atoi                                     0x0800054b   Thumb Code    26  atoi.o(.text)
    strncpy                                  0x08000565   Thumb Code    86  strncpy.o(.text)
    __use_two_region_memory                  0x080005bb   Thumb Code     2  heapauxi.o(.text)
    __rt_heap_escrow$2region                 0x080005bd   Thumb Code     2  heapauxi.o(.text)
    __rt_heap_expand$2region                 0x080005bf   Thumb Code     2  heapauxi.o(.text)
    __rt_ctype_table                         0x080005c1   Thumb Code    16  rt_ctype_table.o(.text)
    __aeabi_errno_addr                       0x080005d1   Thumb Code     8  rt_errno_addr_intlibspace.o(.text)
    __errno$intlibspace                      0x080005d1   Thumb Code     0  rt_errno_addr_intlibspace.o(.text)
    __rt_errno_addr$intlibspace              0x080005d1   Thumb Code     0  rt_errno_addr_intlibspace.o(.text)
    _printf_int_common                       0x080005d9   Thumb Code   178  _printf_intcommon.o(.text)
    __lib_sel_fp_printf                      0x0800068b   Thumb Code     2  _printf_fp_dec.o(.text)
    _printf_fp_dec_real                      0x0800083d   Thumb Code   620  _printf_fp_dec.o(.text)
    _printf_char_common                      0x08000abb   Thumb Code    32  _printf_char_common.o(.text)
    _sputc                                   0x08000ae1   Thumb Code    10  _sputc.o(.text)
    _printf_cs_common                        0x08000aeb   Thumb Code    20  _printf_char.o(.text)
    _printf_char                             0x08000aff   Thumb Code    16  _printf_char.o(.text)
    _printf_string                           0x08000b0f   Thumb Code     8  _printf_char.o(.text)
    __strtof_int                             0x08000b17   Thumb Code    26  strtof.o(.text)
    strtol                                   0x08000b31   Thumb Code   112  strtol.o(.text)
    __aeabi_memclr                           0x08000ba1   Thumb Code     0  rt_memclr.o(.text)
    __rt_memclr                              0x08000ba1   Thumb Code    68  rt_memclr.o(.text)
    _memset                                  0x08000ba5   Thumb Code     0  rt_memclr.o(.text)
    __user_libspace                          0x08000be5   Thumb Code     8  libspace.o(.text)
    __user_perproc_libspace                  0x08000be5   Thumb Code     0  libspace.o(.text)
    __user_perthread_libspace                0x08000be5   Thumb Code     0  libspace.o(.text)
    __rt_locale                              0x08000bed   Thumb Code     8  rt_locale_intlibspace.o(.text)
    _ll_udiv10                               0x08000bf5   Thumb Code   138  lludiv10.o(.text)
    _printf_fp_infnan                        0x08000c81   Thumb Code   112  _printf_fp_infnan.o(.text)
    _strtoul                                 0x08000d01   Thumb Code   158  _strtoul.o(.text)
    __strtod_int                             0x08000de1   Thumb Code    90  strtod.o(.text)
    _btod_etento                             0x08000e49   Thumb Code   224  bigflt0.o(.text)
    __aeabi_memclr4                          0x08000f2d   Thumb Code     0  rt_memclr_w.o(.text)
    __aeabi_memclr8                          0x08000f2d   Thumb Code     0  rt_memclr_w.o(.text)
    __rt_memclr_w                            0x08000f2d   Thumb Code    78  rt_memclr_w.o(.text)
    _memset_w                                0x08000f31   Thumb Code     0  rt_memclr_w.o(.text)
    __user_setup_stackheap                   0x08000f7b   Thumb Code    74  sys_stackheap_outer.o(.text)
    __read_errno                             0x08000fc5   Thumb Code    10  _rserrno.o(.text)
    __set_errno                              0x08000fcf   Thumb Code    12  _rserrno.o(.text)
    isspace                                  0x08000fdb   Thumb Code    18  isspace.o(.text)
    _chval                                   0x08000fed   Thumb Code    28  _chval.o(.text)
    _sgetc                                   0x08001009   Thumb Code    30  _sgetc.o(.text)
    _sbackspace                              0x08001027   Thumb Code    34  _sgetc.o(.text)
    exit                                     0x08001049   Thumb Code    18  exit.o(.text)
    strcmp                                   0x0800105d   Thumb Code   128  strcmpv7m.o(.text)
    _scanf_really_real                       0x08001329   Thumb Code   684  scanf_fp.o(.text)
    _sys_exit                                0x080015e5   Thumb Code     8  sys_exit.o(.text)
    _scanf_really_hex_real                   0x080015f1   Thumb Code   786  scanf_hexfp.o(.text)
    _scanf_really_infnan                     0x08001919   Thumb Code   292  scanf_infnan.o(.text)
    __I$use$semihosting                      0x08001a53   Thumb Code     0  use_no_semi.o(.text)
    __use_no_semihosting_swi                 0x08001a53   Thumb Code     2  use_no_semi.o(.text)
    __aeabi_llsl                             0x08001a55   Thumb Code     0  llshl.o(.text)
    __semihosting_library_function           0x08001a55   Thumb Code     0  indicate_semi.o(.text)
    _ll_shift_l                              0x08001a55   Thumb Code    38  llshl.o(.text)
    _btod_d2e                                0x08001a7b   Thumb Code    62  btod.o(CL$$btod_d2e)
    _d2e_denorm_low                          0x08001ab9   Thumb Code    70  btod.o(CL$$btod_d2e_denorm_low)
    _d2e_norm_op1                            0x08001aff   Thumb Code    96  btod.o(CL$$btod_d2e_norm_op1)
    __btod_div_common                        0x08001b5f   Thumb Code   696  btod.o(CL$$btod_div_common)
    _e2d                                     0x08001e99   Thumb Code   122  btod.o(CL$$btod_e2d)
    _e2e                                     0x08001f1d   Thumb Code   220  btod.o(CL$$btod_e2e)
    _btod_ediv                               0x08001ff9   Thumb Code    42  btod.o(CL$$btod_ediv)
    _btod_edivd                              0x08002023   Thumb Code    42  btod.o(CL$$btod_edivd)
    _btod_emul                               0x0800204d   Thumb Code    42  btod.o(CL$$btod_emul)
    _btod_emuld                              0x08002077   Thumb Code    42  btod.o(CL$$btod_emuld)
    __btod_mult_common                       0x080020a1   Thumb Code   580  btod.o(CL$$btod_mult_common)
    System_Clock_Init                        0x080022e5   Thumb Code   380  sysclock.o(i.System_Clock_Init)
    TIM2_IRQHandler                          0x08002469   Thumb Code    90  timer.o(i.TIM2_IRQHandler)
    TIM_Init                                 0x080024c9   Thumb Code   110  timer.o(i.TIM_Init)
    UART2_GPIO_Init                          0x08002545   Thumb Code   106  uart.o(i.UART2_GPIO_Init)
    UART2_Init                               0x080025b9   Thumb Code   116  uart.o(i.UART2_Init)
    USART2_IRQHandler                        0x0800263d   Thumb Code   222  uart.o(i.USART2_IRQHandler)
    USART_Delay                              0x0800272d   Thumb Code    20  uart.o(i.USART_Delay)
    USART_Init                               0x08002741   Thumb Code   142  uart.o(i.USART_Init)
    USART_Write                              0x080027d5   Thumb Code    64  uart.o(i.USART_Write)
    USART_Write_char                         0x08002815   Thumb Code    40  uart.o(i.USART_Write_char)
    __ARM_fpclassify                         0x0800283d   Thumb Code    48  fpclassify.o(i.__ARM_fpclassify)
    __hardfp___mathlib_tofloat               0x08002871   Thumb Code   232  narrow.o(i.__hardfp___mathlib_tofloat)
    __hardfp_ldexp                           0x08002969   Thumb Code   200  ldexp.o(i.__hardfp_ldexp)
    __hardfp_strtof                          0x08002a39   Thumb Code    26  strtof.o(i.__hardfp_strtof)
    __mathlib_dbl_overflow                   0x08002a59   Thumb Code    24  dunder.o(i.__mathlib_dbl_overflow)
    __mathlib_dbl_underflow                  0x08002a79   Thumb Code    24  dunder.o(i.__mathlib_dbl_underflow)
    __mathlib_narrow                         0x08002a99   Thumb Code    18  narrow.o(i.__mathlib_narrow)
    __support_ldexp                          0x08002aab   Thumb Code    20  ldexp.o(i.__support_ldexp)
    _is_digit                                0x08002abf   Thumb Code    14  __printf_wp.o(i._is_digit)
    backspace_entered                        0x08002acd   Thumb Code    76  uart.o(i.backspace_entered)
    check_for_command                        0x08002b2d   Thumb Code   574  uart.o(i.check_for_command)
    cus                                      0x08002e71   Thumb Code    60  dac.o(i.cus)
    frexp                                    0x08002ec1   Thumb Code   118  frexp.o(i.frexp)
    init_dac                                 0x08002f4d   Thumb Code    26  dac.o(i.init_dac)
    init_dac_GPIO                            0x08002f71   Thumb Code    50  dac.o(i.init_dac_GPIO)
    main                                     0x08002fa9   Thumb Code    28  main.o(i.main)
    ramp                                     0x08002fc5   Thumb Code    52  dac.o(i.ramp)
    sine                                     0x08003009   Thumb Code    52  dac.o(i.sine)
    triangle                                 0x0800304d   Thumb Code    52  dac.o(i.triangle)
    _get_lc_ctype                            0x08003091   Thumb Code    44  lc_ctype_c.o(locale$$code)
    _get_lc_numeric                          0x080030bd   Thumb Code    44  lc_numeric_c.o(locale$$code)
    __aeabi_d2f                              0x080030e9   Thumb Code     0  d2f.o(x$fpl$d2f)
    _d2f                                     0x080030e9   Thumb Code    98  d2f.o(x$fpl$d2f)
    __fpl_dcheck_NaN1                        0x0800314d   Thumb Code    10  dcheck1.o(x$fpl$dcheck1)
    __fpl_dcmp_Inf                           0x0800315d   Thumb Code    24  dcmpi.o(x$fpl$dcmpinf)
    __aeabi_ddiv                             0x08003175   Thumb Code     0  ddiv.o(x$fpl$ddiv)
    _ddiv                                    0x08003175   Thumb Code   552  ddiv.o(x$fpl$ddiv)
    __aeabi_cdcmpeq                          0x08003425   Thumb Code     0  deqf.o(x$fpl$deqf)
    _dcmpeq                                  0x08003425   Thumb Code   120  deqf.o(x$fpl$deqf)
    __aeabi_d2uiz                            0x0800349d   Thumb Code     0  dfixu.o(x$fpl$dfixu)
    _dfixu                                   0x0800349d   Thumb Code    90  dfixu.o(x$fpl$dfixu)
    __aeabi_i2d                              0x080034f7   Thumb Code     0  dflt_clz.o(x$fpl$dflt)
    _dflt                                    0x080034f7   Thumb Code    46  dflt_clz.o(x$fpl$dflt)
    __aeabi_cdcmple                          0x08003525   Thumb Code     0  dleqf.o(x$fpl$dleqf)
    _dcmple                                  0x08003525   Thumb Code   120  dleqf.o(x$fpl$dleqf)
    __fpl_dcmple_InfNaN                      0x08003587   Thumb Code     0  dleqf.o(x$fpl$dleqf)
    __aeabi_dmul                             0x0800359d   Thumb Code     0  dmul.o(x$fpl$dmul)
    _dmul                                    0x0800359d   Thumb Code   332  dmul.o(x$fpl$dmul)
    __fpl_dnaninf                            0x080036f1   Thumb Code   156  dnaninf.o(x$fpl$dnaninf)
    __fpl_dretinf                            0x0800378d   Thumb Code    12  dretinf.o(x$fpl$dretinf)
    __aeabi_cdrcmple                         0x08003799   Thumb Code     0  drleqf.o(x$fpl$drleqf)
    _drcmple                                 0x08003799   Thumb Code   108  drleqf.o(x$fpl$drleqf)
    __aeabi_f2d                              0x08003805   Thumb Code     0  f2d.o(x$fpl$f2d)
    _f2d                                     0x08003805   Thumb Code    86  f2d.o(x$fpl$f2d)
    __fpl_fnaninf                            0x0800385b   Thumb Code   140  fnaninf.o(x$fpl$fnaninf)
    _fp_init                                 0x080038e7   Thumb Code    10  fpinit.o(x$fpl$fpinit)
    __fplib_config_fpu_vfp                   0x080038ef   Thumb Code     0  fpinit.o(x$fpl$fpinit)
    __fplib_config_pureend_doubles           0x080038ef   Thumb Code     0  fpinit.o(x$fpl$fpinit)
    __fpl_fretinf                            0x080038f1   Thumb Code    10  fretinf.o(x$fpl$fretinf)
    __ieee_status                            0x080038fb   Thumb Code     6  istatus.o(x$fpl$ieeestatus)
    _printf_fp_dec                           0x08003901   Thumb Code     4  printf1.o(x$fpl$printf1)
    __fpl_return_NaN                         0x08003905   Thumb Code   100  retnan.o(x$fpl$retnan)
    __ARM_scalbn                             0x08003969   Thumb Code    92  scalbn.o(x$fpl$scalbn)
    _scanf_real                              0x080039c5   Thumb Code     4  scanf1.o(x$fpl$scanf1)
    _scanf_hex_real                          0x080039c9   Thumb Code     4  scanf2.o(x$fpl$scanf2)
    _scanf_infnan                            0x080039cd   Thumb Code     4  scanf2.o(x$fpl$scanf2)
    __fpl_cmpreturn                          0x080039d1   Thumb Code    48  trapv.o(x$fpl$trapveneer)
    __I$use$fp                               0x08003a00   Number         0  usenofp.o(x$fpl$usenofp)
    Region$$Table$$Base                      0x08003a94   Number         0  anon$$obj.o(Region$$Table)
    Region$$Table$$Limit                     0x08003ab4   Number         0  anon$$obj.o(Region$$Table)
    __aeabi_HUGE_VAL                         0x08003ab4   Data           0  fpconst.o(c$$dinf)
    __aeabi_HUGE_VALL                        0x08003ab4   Data           0  fpconst.o(c$$dinf)
    __aeabi_INFINITY                         0x08003ab4   Data           0  fpconst.o(c$$dinf)
    __dInf                                   0x08003ab4   Data           0  fpconst.o(c$$dinf)
    __huge_val                               0x08003ab4   Data           0  fpconst.o(c$$dinf)
    __dbl_max                                0x08003abc   Data           0  fpconst.o(c$$dmax)
    __ctype                                  0x08003ad1   Data           0  lc_ctype_c.o(locale$$data)
    Image$$ER_IROM1$$RO$$Limit               0x08003bf0   Number         0  anon$$obj.o ABSOLUTE
    Image$$ER_IROM1$$RW$$Base                0x08003bf0   Number         0  anon$$obj.o ABSOLUTE
    Image$$ER_IROM1$$RW$$Limit               0x08003bf0   Number         0  anon$$obj.o ABSOLUTE
    Image$$ER_IROM1$$ZI$$Base                0x08003bf0   Number         0  anon$$obj.o ABSOLUTE
    Image$$ER_IROM1$$ZI$$Limit               0x08003bf0   Number         0  anon$$obj.o ABSOLUTE
    Load$$RW_IRAM1$$Base                     0x08003bf0   Number         0  anon$$obj.o ABSOLUTE
    Image$$RW_IRAM1$$Base                    0x20000000   Number         0  anon$$obj.o ABSOLUTE
    Image$$RW_IRAM1$$RO$$Base                0x20000000   Number         0  anon$$obj.o ABSOLUTE
    Image$$RW_IRAM1$$RW$$Base                0x20000000   Number         0  anon$$obj.o ABSOLUTE
    dac_state                                0x20000008   Data          16  timer.o(.data)
    tri_values                               0x20000018   Data         512  dac.o(.data)
    ramp_values                              0x20000218   Data         512  dac.o(.data)
    cus_values                               0x20000418   Data         512  dac.o(.data)
    sine_values                              0x20000618   Data         512  dac.o(.data)
    Image$$RW_IRAM1$$Limit                   0x20000818   Number         0  anon$$obj.o ABSOLUTE
    Image$$RW_IRAM1$$RW$$Limit               0x20000818   Number         0  anon$$obj.o ABSOLUTE
    Image$$RW_IRAM1$$ZI$$Base                0x20000818   Number         0  anon$$obj.o ABSOLUTE
    __libspace_start                         0x20000818   Data          96  libspace.o(.bss)
    __temporary_stack_top$libspace           0x20000878   Data           0  libspace.o(.bss)
    Image$$RW_IRAM1$$ZI$$Limit               0x20000e78   Number         0  anon$$obj.o ABSOLUTE



==============================================================================

Memory Map of the image

  Image Entry point : 0x08000189

  Load Region LR_IROM1 (Base: 0x08000000, Size: 0x00004408, Max: 0x00100000, ABSOLUTE, COMPRESSED[0x00004264])

    Execution Region ER_IROM1 (Exec base: 0x08000000, Load base: 0x08000000, Size: 0x00003bf0, Max: 0x00100000, ABSOLUTE)

    Exec Addr    Load Addr    Size         Type   Attr      Idx    E Section Name        Object

    0x08000000   0x08000000   0x00000188   Data   RO           82    RESET               startup_stm32l476xx.o
    0x08000188   0x08000188   0x00000008   Code   RO          347  * !!!main             c_w.l(__main.o)
    0x08000190   0x08000190   0x00000034   Code   RO          716    !!!scatter          c_w.l(__scatter.o)
    0x080001c4   0x080001c4   0x00000064   Code   RO          714    !!dclz77c           c_w.l(__dclz77c.o)
    0x08000228   0x08000228   0x0000001c   Code   RO          718    !!handler_zi        c_w.l(__scatter_zi.o)
    0x08000244   0x08000244   0x00000000   Code   RO          340    .ARM.Collect$$_printf_percent$$00000000  c_w.l(_printf_percent.o)
    0x08000244   0x08000244   0x00000006   Code   RO          339    .ARM.Collect$$_printf_percent$$00000003  c_w.l(_printf_f.o)
    0x0800024a   0x0800024a   0x00000006   Code   RO          338    .ARM.Collect$$_printf_percent$$00000009  c_w.l(_printf_d.o)
    0x08000250   0x08000250   0x00000006   Code   RO          337    .ARM.Collect$$_printf_percent$$00000013  c_w.l(_printf_c.o)
    0x08000256   0x08000256   0x00000004   Code   RO          391    .ARM.Collect$$_printf_percent$$00000017  c_w.l(_printf_percent_end.o)
    0x0800025a   0x0800025a   0x00000002   Code   RO          502    .ARM.Collect$$libinit$$00000000  c_w.l(libinit.o)
    0x0800025c   0x0800025c   0x00000004   Code   RO          503    .ARM.Collect$$libinit$$00000001  c_w.l(libinit2.o)
    0x08000260   0x08000260   0x00000000   Code   RO          506    .ARM.Collect$$libinit$$00000004  c_w.l(libinit2.o)
    0x08000260   0x08000260   0x00000000   Code   RO          509    .ARM.Collect$$libinit$$0000000A  c_w.l(libinit2.o)
    0x08000260   0x08000260   0x00000000   Code   RO          511    .ARM.Collect$$libinit$$0000000C  c_w.l(libinit2.o)
    0x08000260   0x08000260   0x00000000   Code   RO          513    .ARM.Collect$$libinit$$0000000E  c_w.l(libinit2.o)
    0x08000260   0x08000260   0x00000006   Code   RO          514    .ARM.Collect$$libinit$$0000000F  c_w.l(libinit2.o)
    0x08000266   0x08000266   0x00000000   Code   RO          516    .ARM.Collect$$libinit$$00000011  c_w.l(libinit2.o)
    0x08000266   0x08000266   0x0000000c   Code   RO          517    .ARM.Collect$$libinit$$00000012  c_w.l(libinit2.o)
    0x08000272   0x08000272   0x00000000   Code   RO          518    .ARM.Collect$$libinit$$00000013  c_w.l(libinit2.o)
    0x08000272   0x08000272   0x00000000   Code   RO          520    .ARM.Collect$$libinit$$00000015  c_w.l(libinit2.o)
    0x08000272   0x08000272   0x0000000a   Code   RO          521    .ARM.Collect$$libinit$$00000016  c_w.l(libinit2.o)
    0x0800027c   0x0800027c   0x00000000   Code   RO          522    .ARM.Collect$$libinit$$00000017  c_w.l(libinit2.o)
    0x0800027c   0x0800027c   0x00000000   Code   RO          524    .ARM.Collect$$libinit$$00000019  c_w.l(libinit2.o)
    0x0800027c   0x0800027c   0x00000000   Code   RO          526    .ARM.Collect$$libinit$$0000001B  c_w.l(libinit2.o)
    0x0800027c   0x0800027c   0x00000000   Code   RO          528    .ARM.Collect$$libinit$$0000001D  c_w.l(libinit2.o)
    0x0800027c   0x0800027c   0x00000000   Code   RO          530    .ARM.Collect$$libinit$$0000001F  c_w.l(libinit2.o)
    0x0800027c   0x0800027c   0x00000000   Code   RO          532    .ARM.Collect$$libinit$$00000021  c_w.l(libinit2.o)
    0x0800027c   0x0800027c   0x00000000   Code   RO          534    .ARM.Collect$$libinit$$00000023  c_w.l(libinit2.o)
    0x0800027c   0x0800027c   0x00000000   Code   RO          536    .ARM.Collect$$libinit$$00000025  c_w.l(libinit2.o)
    0x0800027c   0x0800027c   0x00000000   Code   RO          540    .ARM.Collect$$libinit$$0000002C  c_w.l(libinit2.o)
    0x0800027c   0x0800027c   0x00000000   Code   RO          542    .ARM.Collect$$libinit$$0000002E  c_w.l(libinit2.o)
    0x0800027c   0x0800027c   0x00000000   Code   RO          544    .ARM.Collect$$libinit$$00000030  c_w.l(libinit2.o)
    0x0800027c   0x0800027c   0x00000000   Code   RO          546    .ARM.Collect$$libinit$$00000032  c_w.l(libinit2.o)
    0x0800027c   0x0800027c   0x00000002   Code   RO          547    .ARM.Collect$$libinit$$00000033  c_w.l(libinit2.o)
    0x0800027e   0x0800027e   0x00000002   Code   RO          615    .ARM.Collect$$libshutdown$$00000000  c_w.l(libshutdown.o)
    0x08000280   0x08000280   0x00000000   Code   RO          628    .ARM.Collect$$libshutdown$$00000002  c_w.l(libshutdown2.o)
    0x08000280   0x08000280   0x00000000   Code   RO          630    .ARM.Collect$$libshutdown$$00000004  c_w.l(libshutdown2.o)
    0x08000280   0x08000280   0x00000000   Code   RO          633    .ARM.Collect$$libshutdown$$00000007  c_w.l(libshutdown2.o)
    0x08000280   0x08000280   0x00000000   Code   RO          636    .ARM.Collect$$libshutdown$$0000000A  c_w.l(libshutdown2.o)
    0x08000280   0x08000280   0x00000000   Code   RO          638    .ARM.Collect$$libshutdown$$0000000C  c_w.l(libshutdown2.o)
    0x08000280   0x08000280   0x00000000   Code   RO          641    .ARM.Collect$$libshutdown$$0000000F  c_w.l(libshutdown2.o)
    0x08000280   0x08000280   0x00000002   Code   RO          642    .ARM.Collect$$libshutdown$$00000010  c_w.l(libshutdown2.o)
    0x08000282   0x08000282   0x00000000   Code   RO          373    .ARM.Collect$$rtentry$$00000000  c_w.l(__rtentry.o)
    0x08000282   0x08000282   0x00000000   Code   RO          409    .ARM.Collect$$rtentry$$00000002  c_w.l(__rtentry2.o)
    0x08000282   0x08000282   0x00000006   Code   RO          421    .ARM.Collect$$rtentry$$00000004  c_w.l(__rtentry4.o)
    0x08000288   0x08000288   0x00000000   Code   RO          411    .ARM.Collect$$rtentry$$00000009  c_w.l(__rtentry2.o)
    0x08000288   0x08000288   0x00000004   Code   RO          412    .ARM.Collect$$rtentry$$0000000A  c_w.l(__rtentry2.o)
    0x0800028c   0x0800028c   0x00000000   Code   RO          414    .ARM.Collect$$rtentry$$0000000C  c_w.l(__rtentry2.o)
    0x0800028c   0x0800028c   0x00000008   Code   RO          415    .ARM.Collect$$rtentry$$0000000D  c_w.l(__rtentry2.o)
    0x08000294   0x08000294   0x00000002   Code   RO          562    .ARM.Collect$$rtexit$$00000000  c_w.l(rtexit.o)
    0x08000296   0x08000296   0x00000000   Code   RO          579    .ARM.Collect$$rtexit$$00000002  c_w.l(rtexit2.o)
    0x08000296   0x08000296   0x00000004   Code   RO          580    .ARM.Collect$$rtexit$$00000003  c_w.l(rtexit2.o)
    0x0800029a   0x0800029a   0x00000006   Code   RO          581    .ARM.Collect$$rtexit$$00000004  c_w.l(rtexit2.o)
    0x080002a0   0x080002a0   0x00000084   Code   RO           83    .text               startup_stm32l476xx.o
    0x08000324   0x08000324   0x0000001e   Code   RO          305    .text               c_w.l(toupper.o)
    0x08000342   0x08000342   0x00000002   PAD
    0x08000344   0x08000344   0x0000002c   Code   RO          307    .text               c_w.l(__2sprintf.o)
    0x08000370   0x08000370   0x00000052   Code   RO          313    .text               c_w.l(_printf_str.o)
    0x080003c2   0x080003c2   0x00000002   PAD
    0x080003c4   0x080003c4   0x00000078   Code   RO          315    .text               c_w.l(_printf_dec.o)
    0x0800043c   0x0800043c   0x0000010e   Code   RO          325    .text               c_w.l(__printf_wp.o)
    0x0800054a   0x0800054a   0x0000001a   Code   RO          341    .text               c_w.l(atoi.o)
    0x08000564   0x08000564   0x00000056   Code   RO          343    .text               c_w.l(strncpy.o)
    0x080005ba   0x080005ba   0x00000006   Code   RO          345    .text               c_w.l(heapauxi.o)
    0x080005c0   0x080005c0   0x00000010   Code   RO          374    .text               c_w.l(rt_ctype_table.o)
    0x080005d0   0x080005d0   0x00000008   Code   RO          379    .text               c_w.l(rt_errno_addr_intlibspace.o)
    0x080005d8   0x080005d8   0x000000b2   Code   RO          381    .text               c_w.l(_printf_intcommon.o)
    0x0800068a   0x0800068a   0x00000424   Code   RO          383    .text               c_w.l(_printf_fp_dec.o)
    0x08000aae   0x08000aae   0x00000002   PAD
    0x08000ab0   0x08000ab0   0x00000030   Code   RO          385    .text               c_w.l(_printf_char_common.o)
    0x08000ae0   0x08000ae0   0x0000000a   Code   RO          387    .text               c_w.l(_sputc.o)
    0x08000aea   0x08000aea   0x0000002c   Code   RO          389    .text               c_w.l(_printf_char.o)
    0x08000b16   0x08000b16   0x0000001a   Code   RO          392    .text               c_w.l(strtof.o)
    0x08000b30   0x08000b30   0x00000070   Code   RO          394    .text               c_w.l(strtol.o)
    0x08000ba0   0x08000ba0   0x00000044   Code   RO          396    .text               c_w.l(rt_memclr.o)
    0x08000be4   0x08000be4   0x00000008   Code   RO          405    .text               c_w.l(libspace.o)
    0x08000bec   0x08000bec   0x00000008   Code   RO          426    .text               c_w.l(rt_locale_intlibspace.o)
    0x08000bf4   0x08000bf4   0x0000008a   Code   RO          428    .text               c_w.l(lludiv10.o)
    0x08000c7e   0x08000c7e   0x00000002   PAD
    0x08000c80   0x08000c80   0x00000080   Code   RO          430    .text               c_w.l(_printf_fp_infnan.o)
    0x08000d00   0x08000d00   0x000000a4   Code   RO          434    .text               c_w.l(_strtoul.o)
    0x08000da4   0x08000da4   0x000000a4   Code   RO          436    .text               c_w.l(strtod.o)
    0x08000e48   0x08000e48   0x000000e4   Code   RO          438    .text               c_w.l(bigflt0.o)
    0x08000f2c   0x08000f2c   0x0000004e   Code   RO          469    .text               c_w.l(rt_memclr_w.o)
    0x08000f7a   0x08000f7a   0x0000004a   Code   RO          483    .text               c_w.l(sys_stackheap_outer.o)
    0x08000fc4   0x08000fc4   0x00000016   Code   RO          485    .text               c_w.l(_rserrno.o)
    0x08000fda   0x08000fda   0x00000012   Code   RO          487    .text               c_w.l(isspace.o)
    0x08000fec   0x08000fec   0x0000001c   Code   RO          489    .text               c_w.l(_chval.o)
    0x08001008   0x08001008   0x00000040   Code   RO          491    .text               c_w.l(_sgetc.o)
    0x08001048   0x08001048   0x00000012   Code   RO          493    .text               c_w.l(exit.o)
    0x0800105a   0x0800105a   0x00000002   PAD
    0x0800105c   0x0800105c   0x00000080   Code   RO          495    .text               c_w.l(strcmpv7m.o)
    0x080010dc   0x080010dc   0x00000508   Code   RO          564    .text               c_w.l(scanf_fp.o)
    0x080015e4   0x080015e4   0x0000000c   Code   RO          601    .text               c_w.l(sys_exit.o)
    0x080015f0   0x080015f0   0x00000326   Code   RO          605    .text               c_w.l(scanf_hexfp.o)
    0x08001916   0x08001916   0x00000002   PAD
    0x08001918   0x08001918   0x0000013a   Code   RO          607    .text               c_w.l(scanf_infnan.o)
    0x08001a52   0x08001a52   0x00000002   Code   RO          616    .text               c_w.l(use_no_semi.o)
    0x08001a54   0x08001a54   0x00000000   Code   RO          618    .text               c_w.l(indicate_semi.o)
    0x08001a54   0x08001a54   0x00000026   Code   RO          621    .text               c_w.l(llshl.o)
    0x08001a7a   0x08001a7a   0x0000003e   Code   RO          441    CL$$btod_d2e        c_w.l(btod.o)
    0x08001ab8   0x08001ab8   0x00000046   Code   RO          443    CL$$btod_d2e_denorm_low  c_w.l(btod.o)
    0x08001afe   0x08001afe   0x00000060   Code   RO          442    CL$$btod_d2e_norm_op1  c_w.l(btod.o)
    0x08001b5e   0x08001b5e   0x00000338   Code   RO          451    CL$$btod_div_common  c_w.l(btod.o)
    0x08001e96   0x08001e96   0x00000002   PAD
    0x08001e98   0x08001e98   0x00000084   Code   RO          449    CL$$btod_e2d        c_w.l(btod.o)
    0x08001f1c   0x08001f1c   0x000000dc   Code   RO          448    CL$$btod_e2e        c_w.l(btod.o)
    0x08001ff8   0x08001ff8   0x0000002a   Code   RO          445    CL$$btod_ediv       c_w.l(btod.o)
    0x08002022   0x08002022   0x0000002a   Code   RO          447    CL$$btod_edivd      c_w.l(btod.o)
    0x0800204c   0x0800204c   0x0000002a   Code   RO          444    CL$$btod_emul       c_w.l(btod.o)
    0x08002076   0x08002076   0x0000002a   Code   RO          446    CL$$btod_emuld      c_w.l(btod.o)
    0x080020a0   0x080020a0   0x00000244   Code   RO          450    CL$$btod_mult_common  c_w.l(btod.o)
    0x080022e4   0x080022e4   0x00000184   Code   RO           90    i.System_Clock_Init  sysclock.o
    0x08002468   0x08002468   0x00000060   Code   RO          211    i.TIM2_IRQHandler   timer.o
    0x080024c8   0x080024c8   0x0000007c   Code   RO          212    i.TIM_Init          timer.o
    0x08002544   0x08002544   0x00000074   Code   RO          114    i.UART2_GPIO_Init   uart.o
    0x080025b8   0x080025b8   0x00000084   Code   RO          115    i.UART2_Init        uart.o
    0x0800263c   0x0800263c   0x000000f0   Code   RO          116    i.USART2_IRQHandler  uart.o
    0x0800272c   0x0800272c   0x00000014   Code   RO          117    i.USART_Delay       uart.o
    0x08002740   0x08002740   0x00000094   Code   RO          118    i.USART_Init        uart.o
    0x080027d4   0x080027d4   0x00000040   Code   RO          120    i.USART_Write       uart.o
    0x08002814   0x08002814   0x00000028   Code   RO          121    i.USART_Write_char  uart.o
    0x0800283c   0x0800283c   0x00000030   Code   RO          473    i.__ARM_fpclassify  m_wm.l(fpclassify.o)
    0x0800286c   0x0800286c   0x00000004   PAD
    0x08002870   0x08002870   0x000000f8   Code   RO          475    i.__hardfp___mathlib_tofloat  m_wm.l(narrow.o)
    0x08002968   0x08002968   0x000000d0   Code   RO          643    i.__hardfp_ldexp    m_wm.l(ldexp.o)
    0x08002a38   0x08002a38   0x00000020   Code   RO          367    i.__hardfp_strtof   m_wm.l(strtof.o)
    0x08002a58   0x08002a58   0x00000020   Code   RO          669    i.__mathlib_dbl_overflow  m_wm.l(dunder.o)
    0x08002a78   0x08002a78   0x00000020   Code   RO          671    i.__mathlib_dbl_underflow  m_wm.l(dunder.o)
    0x08002a98   0x08002a98   0x00000012   Code   RO          476    i.__mathlib_narrow  m_wm.l(narrow.o)
    0x08002aaa   0x08002aaa   0x00000014   Code   RO          645    i.__support_ldexp   m_wm.l(ldexp.o)
    0x08002abe   0x08002abe   0x0000000e   Code   RO          327    i._is_digit         c_w.l(__printf_wp.o)
    0x08002acc   0x08002acc   0x00000060   Code   RO          122    i.backspace_entered  uart.o
    0x08002b2c   0x08002b2c   0x00000344   Code   RO          123    i.check_for_command  uart.o
    0x08002e70   0x08002e70   0x0000004c   Code   RO          244    i.cus               dac.o
    0x08002ebc   0x08002ebc   0x00000004   PAD
    0x08002ec0   0x08002ec0   0x0000008c   Code   RO          558    i.frexp             m_wm.l(frexp.o)
    0x08002f4c   0x08002f4c   0x00000024   Code   RO          245    i.init_dac          dac.o
    0x08002f70   0x08002f70   0x00000038   Code   RO          246    i.init_dac_GPIO     dac.o
    0x08002fa8   0x08002fa8   0x0000001c   Code   RO            4    i.main              main.o
    0x08002fc4   0x08002fc4   0x00000044   Code   RO          247    i.ramp              dac.o
    0x08003008   0x08003008   0x00000044   Code   RO          248    i.sine              dac.o
    0x0800304c   0x0800304c   0x00000044   Code   RO          249    i.triangle          dac.o
    0x08003090   0x08003090   0x0000002c   Code   RO          464    locale$$code        c_w.l(lc_ctype_c.o)
    0x080030bc   0x080030bc   0x0000002c   Code   RO          467    locale$$code        c_w.l(lc_numeric_c.o)
    0x080030e8   0x080030e8   0x00000062   Code   RO          548    x$fpl$d2f           fz_wm.l(d2f.o)
    0x0800314a   0x0800314a   0x00000002   PAD
    0x0800314c   0x0800314c   0x00000010   Code   RO          690    x$fpl$dcheck1       fz_wm.l(dcheck1.o)
    0x0800315c   0x0800315c   0x00000018   Code   RO          568    x$fpl$dcmpinf       fz_wm.l(dcmpi.o)
    0x08003174   0x08003174   0x000002b0   Code   RO          350    x$fpl$ddiv          fz_wm.l(ddiv.o)
    0x08003424   0x08003424   0x00000078   Code   RO          550    x$fpl$deqf          fz_wm.l(deqf.o)
    0x0800349c   0x0800349c   0x0000005a   Code   RO          353    x$fpl$dfixu         fz_wm.l(dfixu.o)
    0x080034f6   0x080034f6   0x0000002e   Code   RO          358    x$fpl$dflt          fz_wm.l(dflt_clz.o)
    0x08003524   0x08003524   0x00000078   Code   RO          570    x$fpl$dleqf         fz_wm.l(dleqf.o)
    0x0800359c   0x0800359c   0x00000154   Code   RO          572    x$fpl$dmul          fz_wm.l(dmul.o)
    0x080036f0   0x080036f0   0x0000009c   Code   RO          398    x$fpl$dnaninf       fz_wm.l(dnaninf.o)
    0x0800378c   0x0800378c   0x0000000c   Code   RO          400    x$fpl$dretinf       fz_wm.l(dretinf.o)
    0x08003798   0x08003798   0x0000006c   Code   RO          552    x$fpl$drleqf        fz_wm.l(drleqf.o)
    0x08003804   0x08003804   0x00000056   Code   RO          363    x$fpl$f2d           fz_wm.l(f2d.o)
    0x0800385a   0x0800385a   0x0000008c   Code   RO          402    x$fpl$fnaninf       fz_wm.l(fnaninf.o)
    0x080038e6   0x080038e6   0x0000000a   Code   RO          574    x$fpl$fpinit        fz_wm.l(fpinit.o)
    0x080038f0   0x080038f0   0x0000000a   Code   RO          576    x$fpl$fretinf       fz_wm.l(fretinf.o)
    0x080038fa   0x080038fa   0x00000006   Code   RO          471    x$fpl$ieeestatus    fz_wm.l(istatus.o)
    0x08003900   0x08003900   0x00000004   Code   RO          365    x$fpl$printf1       fz_wm.l(printf1.o)
    0x08003904   0x08003904   0x00000064   Code   RO          708    x$fpl$retnan        fz_wm.l(retnan.o)
    0x08003968   0x08003968   0x0000005c   Code   RO          663    x$fpl$scalbn        fz_wm.l(scalbn.o)
    0x080039c4   0x080039c4   0x00000004   Code   RO          554    x$fpl$scanf1        fz_wm.l(scanf1.o)
    0x080039c8   0x080039c8   0x00000008   Code   RO          593    x$fpl$scanf2        fz_wm.l(scanf2.o)
    0x080039d0   0x080039d0   0x00000030   Code   RO          710    x$fpl$trapveneer    fz_wm.l(trapv.o)
    0x08003a00   0x08003a00   0x00000000   Code   RO          404    x$fpl$usenofp       fz_wm.l(usenofp.o)
    0x08003a00   0x08003a00   0x00000094   Data   RO          439    .constdata          c_w.l(bigflt0.o)
    0x08003a94   0x08003a94   0x00000020   Data   RO          712    Region$$Table       anon$$obj.o
    0x08003ab4   0x08003ab4   0x00000008   Data   RO          589    c$$dinf             fz_wm.l(fpconst.o)
    0x08003abc   0x08003abc   0x00000008   Data   RO          592    c$$dmax             fz_wm.l(fpconst.o)
    0x08003ac4   0x08003ac4   0x00000110   Data   RO          463    locale$$data        c_w.l(lc_ctype_c.o)
    0x08003bd4   0x08003bd4   0x0000001c   Data   RO          466    locale$$data        c_w.l(lc_numeric_c.o)


    Execution Region RW_IRAM1 (Exec base: 0x20000000, Load base: 0x08003bf0, Size: 0x00000e78, Max: 0x00018000, ABSOLUTE, COMPRESSED[0x00000674])

    Exec Addr    Load Addr    Size         Type   Attr      Idx    E Section Name        Object

    0x20000000   COMPRESSED   0x00000007   Data   RW          124    .data               uart.o
    0x20000007   COMPRESSED   0x00000001   PAD
    0x20000008   COMPRESSED   0x00000010   Data   RW          213    .data               timer.o
    0x20000018   COMPRESSED   0x00000800   Data   RW          250    .data               dac.o
    0x20000818        -       0x00000060   Zero   RW          406    .bss                c_w.l(libspace.o)
    0x20000878        -       0x00000200   Zero   RW           81    HEAP                startup_stm32l476xx.o
    0x20000a78        -       0x00000400   Zero   RW           80    STACK               startup_stm32l476xx.o


==============================================================================

Image component sizes


      Code (inc. data)   RO Data    RW Data    ZI Data      Debug   Object Name

       372         80          0       2048          0       3402   dac.o
        28          0          0          0          0     297331   main.o
       132         42        392          0       1536        856   startup_stm32l476xx.o
       388          8          0          0          0        644   sysclock.o
       220         20          0         16          0       1837   timer.o
      1692        332          0          7          0      36686   uart.o

    ----------------------------------------------------------------------
      2836        486        424       2072       1536     340756   Object Totals
         0          0         32          0          0          0   (incl. Generated)
         4          4          0          1          0          0   (incl. Padding)

    ----------------------------------------------------------------------

      Code (inc. data)   RO Data    RW Data    ZI Data      Debug   Library Member Name

        44          6          0          0          0         84   __2sprintf.o
       100          0          0          0          0          0   __dclz77c.o
         8          0          0          0          0         68   __main.o
       284          0          0          0          0        156   __printf_wp.o
         0          0          0          0          0          0   __rtentry.o
        12          0          0          0          0          0   __rtentry2.o
         6          0          0          0          0          0   __rtentry4.o
        52          8          0          0          0          0   __scatter.o
        28          0          0          0          0          0   __scatter_zi.o
        28          0          0          0          0         68   _chval.o
         6          0          0          0          0          0   _printf_c.o
        44          0          0          0          0        108   _printf_char.o
        48          6          0          0          0         96   _printf_char_common.o
         6          0          0          0          0          0   _printf_d.o
       120         16          0          0          0         92   _printf_dec.o
         6          0          0          0          0          0   _printf_f.o
      1060          0          0          0          0        216   _printf_fp_dec.o
       128         16          0          0          0         84   _printf_fp_infnan.o
       178          0          0          0          0         88   _printf_intcommon.o
         0          0          0          0          0          0   _printf_percent.o
         4          0          0          0          0          0   _printf_percent_end.o
        82          0          0          0          0         80   _printf_str.o
        22          0          0          0          0        100   _rserrno.o
        64          0          0          0          0         84   _sgetc.o
        10          0          0          0          0         68   _sputc.o
       164          0          0          0          0         92   _strtoul.o
        26          0          0          0          0         80   atoi.o
       228          4        148          0          0         96   bigflt0.o
      2152        136          0          0          0        960   btod.o
        18          0          0          0          0         80   exit.o
         6          0          0          0          0        152   heapauxi.o
         0          0          0          0          0          0   indicate_semi.o
        18          0          0          0          0         76   isspace.o
        44         10        272          0          0         76   lc_ctype_c.o
        44         10         28          0          0         76   lc_numeric_c.o
         2          0          0          0          0          0   libinit.o
        34          0          0          0          0          0   libinit2.o
         2          0          0          0          0          0   libshutdown.o
         2          0          0          0          0          0   libshutdown2.o
         8          4          0          0         96         68   libspace.o
        38          0          0          0          0         68   llshl.o
       138          0          0          0          0         80   lludiv10.o
        16          4          0          0          0         76   rt_ctype_table.o
         8          4          0          0          0         68   rt_errno_addr_intlibspace.o
         8          4          0          0          0         68   rt_locale_intlibspace.o
        68          0          0          0          0         68   rt_memclr.o
        78          0          0          0          0         80   rt_memclr_w.o
         2          0          0          0          0          0   rtexit.o
        10          0          0          0          0          0   rtexit2.o
      1288         16          0          0          0        168   scanf_fp.o
       806         14          0          0          0        100   scanf_hexfp.o
       314         16          0          0          0        100   scanf_infnan.o
       128          0          0          0          0         68   strcmpv7m.o
        86          0          0          0          0         76   strncpy.o
       164         14          0          0          0        120   strtod.o
        26          0          0          0          0         80   strtof.o
       112          0          0          0          0         88   strtol.o
        12          4          0          0          0         68   sys_exit.o
        74          0          0          0          0         80   sys_stackheap_outer.o
        30          0          0          0          0         76   toupper.o
         2          0          0          0          0         68   use_no_semi.o
        98          4          0          0          0        140   d2f.o
        16          4          0          0          0        116   dcheck1.o
        24          0          0          0          0        116   dcmpi.o
       688        140          0          0          0        256   ddiv.o
       120          4          0          0          0        140   deqf.o
        90          4          0          0          0        140   dfixu.o
        46          0          0          0          0        116   dflt_clz.o
       120          4          0          0          0        140   dleqf.o
       340         12          0          0          0        152   dmul.o
       156          4          0          0          0        140   dnaninf.o
        12          0          0          0          0        116   dretinf.o
       108          0          0          0          0        128   drleqf.o
        86          4          0          0          0        132   f2d.o
       140          4          0          0          0        132   fnaninf.o
         0          0         16          0          0          0   fpconst.o
        10          0          0          0          0        116   fpinit.o
        10          0          0          0          0        116   fretinf.o
         6          0          0          0          0        116   istatus.o
         4          0          0          0          0        116   printf1.o
       100          0          0          0          0        116   retnan.o
        92          0          0          0          0        116   scalbn.o
         4          0          0          0          0        116   scanf1.o
         8          0          0          0          0        132   scanf2.o
        48          0          0          0          0        116   trapv.o
         0          0          0          0          0          0   usenofp.o
        64         16          0          0          0        248   dunder.o
        48          0          0          0          0        124   fpclassify.o
       140         22          0          0          0        132   frexp.o
       228          8          0          0          0        308   ldexp.o
       266         16          0          0          0        308   narrow.o
        32          6          0          0          0        124   strtof.o

    ----------------------------------------------------------------------
     11620        546        464          0         96       9016   Library Totals
        20          2          0          0          0          0   (incl. Padding)

    ----------------------------------------------------------------------

      Code (inc. data)   RO Data    RW Data    ZI Data      Debug   Library Name

      8496        292        448          0         96       4748   c_w.l
      2326        184         16          0          0       3024   fz_wm.l
       778         68          0          0          0       1244   m_wm.l

    ----------------------------------------------------------------------
     11620        546        464          0         96       9016   Library Totals

    ----------------------------------------------------------------------

==============================================================================


      Code (inc. data)   RO Data    RW Data    ZI Data      Debug   

     14456       1032        888       2072       1632     342720   Grand Totals
     14456       1032        888       1652       1632     342720   ELF Image Totals (compressed)
     14456       1032        888       1652          0          0   ROM Totals

==============================================================================

    Total RO  Size (Code + RO Data)                15344 (  14.98kB)
    Total RW  Size (RW Data + ZI Data)              3704 (   3.62kB)
    Total ROM Size (Code + RO Data + RW Data)      16996 (  16.60kB)

==============================================================================

